iteration 10 nll2 -166.32312410010854 q 0.05912979559883883 qd -31.80185556396422
iteration 20 nll2 -184.1399947516329 q 0.06747380008269949 qd -31.80240846851864
iteration 30 nll2 -184.91261885031417 q 0.00951867014303271 qd -31.800399907702253
iteration 40 nll2 -184.91263976403934 q 0.009500166458690557 qd -31.800400323539847
iteration 50 nll2 -184.9126434821137 q 0.00956898728064785 qd -31.796868004315105
iteration 60 nll2 -184.91266460419865 q 0.009538584894030814 qd -31.77565076825426
DIPOLE False {"q": 0.009517603348993365, "j": -0.6464817875761096, "alpha": 0.1583005167579161, "beta": 3.175191947932428, "sigmaM": 0.15672136161371727, "sigmaX": 0.9629919851434255, "sigmaC": 0.05522192803326528, "M": -19.15169411105238, "X": -0.05835334349716747, "C": -0.038450753163246136, "qd": -31.77344900784954, "S": 0.009379999999999998, "nll2": -184.91266661220652, "chi2": 4740.830895550639, "parameters": [0.009517603348993365, -0.6464817875761096, 0.1583005167579161, 3.175191947932428, -1.85328581718989, -0.037710190018827305, -2.8963951576013356, -31.77344900784954, -4.669175515964004], "success": true, "message": "CONVERGENCE: RELATIVE REDUCTION OF F <= FACTR*EPSMCH", "gradient": [0.00034978757275183625, 0.00010051410257161386, 0.0002096798320111459, 1.8795815179632176e-05, 8.602884347504995e-05, 8.370944172309616e-05, 0.000552879816891072, -2.4386380335084112e-06, 0.9257043979056512], "seconds": 132.46731209754944, "nfev": 68}
iteration 70 nll2 23234.09054306301 q -3.0 qd -23.254673341696563
iteration 80 nll2 -184.71438435604796 q 0.020601736177973846 qd -26.944634413869704
iteration 90 nll2 -184.76928165390927 q 0.011096717725526993 qd -26.951516586400146
iteration 100 nll2 -184.76989897682142 q 0.009805133060962617 qd -26.953220751841023
iteration 110 nll2 -184.77293216224643 q 0.008935301284482791 qd -27.092786117754674
iteration 120 nll2 -184.81868517818657 q 0.022333075271995982 qd -29.253488400443523
iteration 130 nll2 -184.89257941446522 q 0.016886636305148358 qd -32.20756828870041
iteration 140 nll2 -184.91262987197115 q 0.00943901932957964 qd -31.763816136379276
iteration 150 nll2 -184.9126655155087 q 0.009544802019100724 qd -31.772797844090725
DIPOLE_SECOND False {"q": 0.009517294166481477, "j": -0.646481775575535, "alpha": 0.15830050334047058, "beta": 3.1751924232941873, "sigmaM": 0.1567213483045033, "sigmaX": 0.9629919559620862, "sigmaC": 0.05522191884799181, "M": -19.151694153517095, "X": -0.05835332103720186, "C": -0.038450750920115476, "qd": -31.773406092720382, "S": 0.009379999999999998, "nll2": -184.91266661230839, "chi2": 4740.831479665211, "parameters": [0.009517294166481477, -0.646481775575535, 0.15830050334047058, 3.1751924232941873, -1.8532859021126753, -0.03771022032161308, -2.8963953239351556, -31.773406092720382, -4.669175515964004], "success": true, "message": "CONVERGENCE: RELATIVE REDUCTION OF F <= FACTR*EPSMCH", "gradient": [-6.33560797176358e-05, 8.58869709641219e-06, -0.0014546045836527433, 5.0059642637583864e-05, -0.00014728787881994272, -0.00012528535196660196, 0.00013760650835480673, 8.802229021220853e-07, 0.9254927526680206], "seconds": 174.94588828086853, "nfev": 90}
iteration 160 nll2 4729.0645217440715 q 3.0 qd 0
iteration 170 nll2 -148.0124476566707 q 0.024878734287680487 qd 0
iteration 180 nll2 -148.0221042825233 q 0.029167072454158144 qd 0
iteration 190 nll2 -148.02218887162417 q 0.028723677678038035 qd 0
ISOTROPIC False {"q": 0.028723577192844327, "j": -0.6480607130141428, "alpha": 0.15563868204396417, "beta": 3.158476356220167, "sigmaM": 0.1601839840676962, "sigmaX": 0.9637890606849233, "sigmaC": 0.0550169507092395, "M": -19.147001058042, "X": -0.058166413940999064, "C": -0.038902295102664804, "qd": 0.0, "S": null, "nll2": -148.02218887175695, "chi2": 4739.734400528791, "parameters": [0.028723577192844327, -0.6480607130141428, 0.15563868204396417, 3.158476356220167, -1.8314322239543104, -0.03688282503234669, -2.9001139465184558], "success": true, "message": "CONVERGENCE: RELATIVE REDUCTION OF F <= FACTR*EPSMCH", "gradient": [2.9099628513051812e-05, -2.902334034193821e-05, 0.00348069266208376, -0.00017204414210874003, -2.289793883869053e-06, 0.00015337183368717476, -0.0001698126524300504], "seconds": 63.96686339378357, "nfev": 33}
iteration 200 nll2 -166.111601330329 q 0.27397834437229673 qd -31.804630855027153
iteration 210 nll2 -184.73229272344906 q 0.35418251874564 qd -31.799959509164665
iteration 220 nll2 -184.73242758862398 q 0.3541675761283293 qd -31.80020254743059
iteration 230 nll2 -184.73246965743238 q 0.3539261418180345 qd -31.806410895213116
iteration 240 nll2 -184.73528640718723 q 0.35464899443111486 qd -32.13467436625974
iteration 250 nll2 -184.73562373337336 q 0.35398834164619275 qd -32.133863812235106
DIPOLE True {"q": 0.35399060143839256, "j": -0.3770932552380978, "alpha": 0.15835640644535823, "beta": 3.175552133765709, "sigmaM": 0.15672565512352568, "sigmaX": 0.9629570208810717, "sigmaC": 0.05522288037653591, "M": -19.15232759912933, "X": -0.058294256389898984, "C": -0.0384458793630276, "qd": -32.13372502684532, "S": 0.009379999999999998, "nll2": -184.73562374141147, "chi2": 4740.871578416163, "parameters": [0.35399060143839256, -0.3770932552380978, 0.15835640644535823, 3.175552133765709, -1.8532584217477297, -0.03774649862538787, -2.8963779120053794, -32.13372502684532, -4.669175515964004], "success": true, "message": "CONVERGENCE: RELATIVE REDUCTION OF F <= FACTR*EPSMCH", "gradient": [1.6775404162672203e-05, 6.35412100957744e-06, -6.480828764171101e-05, -1.895348466825612e-06, 2.7500123451557165e-05, 2.933892127054001e-06, -2.359484242709491e-06, -4.357040532254608e-07, 0.8058524256650124], "seconds": 122.20793390274048, "nfev": 63}
iteration 260 nll2 -163.30290448958112 q 0.38511471392664737 qd -27.262808693872937
iteration 270 nll2 -184.60056442982204 q 0.35354370112394656 qd -27.261087692370435
iteration 280 nll2 -184.60089600857827 q 0.35439248481761393 qd -27.261271298410893
iteration 290 nll2 -184.6048514584072 q 0.35666145222705986 qd -27.436469186257934
iteration 300 nll2 -184.65104783268544 q 0.36260161164029514 qd -29.41079162097003
iteration 310 nll2 -184.7160135781396 q 0.3514769613021861 qd -32.01912345618518
iteration 320 nll2 -184.73041092996937 q 0.3521062253433767 qd -32.18506081982948
iteration 330 nll2 -184.73560319078388 q 0.3540177568349899 qd -32.143732640236685
iteration 340 nll2 -184.73562374118046 q 0.35399096567390353 qd -32.13367207753575
DIPOLE_SECOND True {"q": 0.3539905756383484, "j": -0.3770934086219579, "alpha": 0.15835640617979532, "beta": 3.175552190839594, "sigmaM": 0.1567256531388854, "sigmaX": 0.9629570164709969, "sigmaC": 0.05522287906854599, "M": -19.152327607419142, "X": -0.05829425341641851, "C": -0.03844587889414848, "qd": -32.13371865755301, "S": 0.009379999999999998, "nll2": -184.73562374141147, "chi2": 4740.871663413955, "parameters": [0.3539905756383484, -0.3770934086219579, 0.15835640617979532, 3.175552190839594, -1.8532584344108785, -0.03774650320510928, -2.8963779356910315, -32.13371865755301, -4.669175515964004], "success": true, "message": "CONVERGENCE: RELATIVE REDUCTION OF F <= FACTR*EPSMCH", "gradient": [-1.5839331489075903e-05, -1.1768813817036872e-05, -0.00017410236252264036, -4.0568791262945345e-07, -8.186013447090136e-06, -2.558044064564466e-05, -6.439241322393694e-05, 5.8864813468062493e-08, 0.8058206855654575], "seconds": 165.49710249900818, "nfev": 88}
iteration 350 nll2 -147.71261778637017 q 0.3707455884089337 qd 0
iteration 360 nll2 -147.7934449840668 q 0.3750354118317463 qd 0
ISOTROPIC True {"q": 0.3728903179903412, "j": -0.3423351250445622, "alpha": 0.15569208290873196, "beta": 3.158879753864422, "sigmaM": 0.16019438364147448, "sigmaX": 0.9637564467890544, "sigmaC": 0.05501685631461857, "M": -19.147598529569176, "X": -0.05810308889997186, "C": -0.03889859489411202, "qd": 0.0, "S": null, "nll2": -147.7947066521847, "chi2": 4739.773522968486, "parameters": [0.3728903179903412, -0.3423351250445622, 0.15569208290873196, 3.158879753864422, -1.8313673033802012, -0.03691666485168747, -2.9001156622569817], "success": true, "message": "CONVERGENCE: RELATIVE REDUCTION OF F <= FACTR*EPSMCH", "gradient": [4.219513058956181e-06, -5.466755299776693e-05, -0.0003491868969731288, 0.00010854703785468692, 3.9993629289387975e-06, -0.0002055962654032659, 0.00010786066892256175], "seconds": 46.85284996032715, "nfev": 26}
