[
  {
    "name": "sia_docs",
    "url": "https://datalab.noirlab.edu/docs/manual/UsingAstroDataLab/DataAccessInterfaces/SimpleImageAccessSIA/SimpleImageAccessSIA.html",
    "final_url": "https://datalab.noirlab.edu/docs/manual/UsingAstroDataLab/DataAccessInterfaces/SimpleImageAccessSIA/SimpleImageAccessSIA.html",
    "status": 200,
    "bytes": 35054,
    "utc": "2026-09-20T23:33:38.637928+00:00",
    "sha256": "95a95c10abd1f303d6d52fcfd9877ebea0edf10e5a91f8d8ff24ca82ef2fdeb9",
    "path": "phase2/assumptions/image_access/sia_docs.html"
  },
  {
    "name": "des_access",
    "url": "https://www.darkenergysurvey.org/the-des-project/data-access/",
    "final_url": "https://www.darkenergysurvey.org/the-des-project/data-access/",
    "status": 200,
    "bytes": 58878,
    "utc": "2026-09-20T23:33:39.783055+00:00",
    "sha256": "2b98e553e4c85fe19011f0865ed0b5e85e86cf349cd4a1290334d71c4ed486d4",
    "path": "phase2/assumptions/image_access/des_access.html"
  },
  {
    "name": "sia_des_dr2_se_1246275",
    "url": "https://datalab.noirlab.edu/sia/des_dr2_se?POS=54.647026,-26.401205&SIZE=0.003&VERB=3",
    "final_url": "https://datalab.noirlab.edu/sia/des_dr2_se?POS=54.647026,-26.401205&SIZE=0.003&VERB=3",
    "status": 200,
    "bytes": 26205,
    "utc": "2026-09-20T23:33:41.797015+00:00",
    "sha256": "15e148fc7fa37d0937e2a6810e5ab5f20287a89b6a3ecd07db7ab994bec31389",
    "path": "phase2/assumptions/image_access/sia_des_dr2_se_1246275.xml",
    "parse_error": "unhashable type: 'MaskedArray'"
  },
  {
    "name": "sia_des_dr2_se_1246281",
    "url": "https://datalab.noirlab.edu/sia/des_dr2_se?POS=53.725414,-27.622061&SIZE=0.003&VERB=3",
    "final_url": "https://datalab.noirlab.edu/sia/des_dr2_se?POS=53.725414,-27.622061&SIZE=0.003&VERB=3",
    "status": 200,
    "bytes": 26205,
    "utc": "2026-09-20T23:33:43.863728+00:00",
    "sha256": "3485bb48dcf9768898a4a053dd75bf82da0a3fe24d42af9ef2534fb01fb9edf5",
    "path": "phase2/assumptions/image_access/sia_des_dr2_se_1246281.xml",
    "parse_error": "unhashable type: 'MaskedArray'"
  },
  {
    "name": "sia_des_dr2_se_1246314",
    "url": "https://datalab.noirlab.edu/sia/des_dr2_se?POS=54.836567,-26.640186&SIZE=0.003&VERB=3",
    "final_url": "https://datalab.noirlab.edu/sia/des_dr2_se?POS=54.836567,-26.640186&SIZE=0.003&VERB=3",
    "status": 200,
    "bytes": 280993,
    "utc": "2026-09-20T23:33:45.648857+00:00",
    "sha256": "87658f60a19d28e3698a4f1f044a690021cdb6ca623de7f29aaf5002b24af939",
    "path": "phase2/assumptions/image_access/sia_des_dr2_se_1246314.xml",
    "parse_error": "unhashable type: 'MaskedArray'"
  }
]
