[
  {
    "label": "original",
    "n": 444195,
    "objects": 1635,
    "mean": -0.8607896182190353,
    "rms": 2.9438607943074833,
    "mad_sigma": 1.40336081214,
    "abs_gt3_fraction": 0.1262328481860444,
    "abs_gt5_fraction": 0.06349913889170297,
    "mean_cluster_ci95": [
      -0.9455744818868216,
      -0.7643755284231348
    ],
    "rms_cluster_ci95": [
      2.6478182128139465,
      3.314302977770727
    ],
    "abs_gt3_fraction_cluster_ci95": [
      0.11642115823531804,
      0.13534998035496454
    ]
  },
  {
    "label": "heldout_support_pull",
    "n": 443157,
    "objects": 1635,
    "mean": -0.8452740818151654,
    "rms": 2.903911767369228,
    "mad_sigma": 1.399586364582,
    "abs_gt3_fraction": 0.12480904058832423,
    "abs_gt5_fraction": 0.062117940143109555,
    "mean_cluster_ci95": [
      -0.928275146736956,
      -0.7593148166294997
    ],
    "rms_cluster_ci95": [
      2.6102102912337464,
      3.283851569817528
    ],
    "abs_gt3_fraction_cluster_ci95": [
      0.11603830817117011,
      0.13458643187538724
    ]
  },
  {
    "label": "heldout_support_heldout_pull_formal",
    "n": 443157,
    "objects": 1635,
    "mean": -0.01695323088445928,
    "rms": 1.9129559716306594,
    "mad_sigma": 1.2383037354840127,
    "abs_gt3_fraction": 0.061450005302861065,
    "abs_gt5_fraction": 0.02168531694185131,
    "mean_cluster_ci95": [
      -0.02692072010841605,
      -0.007905776052499924
    ],
    "rms_cluster_ci95": [
      1.768298149607253,
      2.1340222525822345
    ],
    "abs_gt3_fraction_cluster_ci95": [
      0.05645914947525481,
      0.06701382933998681
    ]
  },
  {
    "label": "heldout_support_heldout_pull_robust",
    "n": 443157,
    "objects": 1635,
    "mean": -0.03804288738835865,
    "rms": 1.6639014680287145,
    "mad_sigma": 1.224728491143221,
    "abs_gt3_fraction": 0.0516002229458183,
    "abs_gt5_fraction": 0.01490442439135566,
    "mean_cluster_ci95": [
      -0.047288813109741576,
      -0.03035027384458539
    ],
    "rms_cluster_ci95": [
      1.6018156852960377,
      1.727219794793927
    ],
    "abs_gt3_fraction_cluster_ci95": [
      0.04706910159305513,
      0.05608888327277985
    ]
  }
]
{'exact_unique_key_pairs': 1608, 'objects': 571, 'smp_eligible_rows': 26109, 'diffimg_eligible_rows': 565966, 'caution': 'Exact time match only; unmatched and multiplicities excluded. Same pixels, errors correlated; no quadrature significance.', 'median_error_ratio_DIFFIMG_over_SMP': 1.0005979314314462, 'median_flux_difference_SMP_minus_DIFFIMG': 3.16064, 'median_pull_SMP': -0.021993842, 'median_pull_DIFFIMG': -0.57207005}
