[
  {
    "DATA_MODEL": -1,
    "BAND": "g",
    "statistic": "measurement_pull",
    "n": 1208,
    "objects": 399,
    "mean": 0.23692760816008118,
    "rms": 3.3009762889378904,
    "mad_sigma": 1.2621843807684638,
    "abs_gt3_fraction": 0.10182119205298014,
    "abs_gt5_fraction": 0.054635761589403975
  },
  {
    "DATA_MODEL": -1,
    "BAND": "g",
    "statistic": "signed_sqrt_diagonal_chi2",
    "n": 1208,
    "objects": 399,
    "mean": 0.2078779224636182,
    "rms": 1.75453763649595,
    "mad_sigma": 1.0159486676653777,
    "abs_gt3_fraction": 0.061258278145695365,
    "abs_gt5_fraction": 0.024834437086092714
  },
  {
    "DATA_MODEL": -1,
    "BAND": "i",
    "statistic": "measurement_pull",
    "n": 4790,
    "objects": 1474,
    "mean": -0.11985450698606673,
    "rms": 1.482509986938208,
    "mad_sigma": 1.0493480619324969,
    "abs_gt3_fraction": 0.030480167014613778,
    "abs_gt5_fraction": 0.01022964509394572
  },
  {
    "DATA_MODEL": -1,
    "BAND": "i",
    "statistic": "signed_sqrt_diagonal_chi2",
    "n": 4790,
    "objects": 1474,
    "mean": -0.09943151119547729,
    "rms": 1.2087615083769054,
    "mad_sigma": 0.9466645343057615,
    "abs_gt3_fraction": 0.021085594989561588,
    "abs_gt5_fraction": 0.004384133611691023
  },
  {
    "DATA_MODEL": -1,
    "BAND": "r",
    "statistic": "measurement_pull",
    "n": 4490,
    "objects": 1373,
    "mean": -0.21951606520622413,
    "rms": 2.2345355124076556,
    "mad_sigma": 1.1258402850385345,
    "abs_gt3_fraction": 0.051670378619153676,
    "abs_gt5_fraction": 0.0200445434298441
  },
  {
    "DATA_MODEL": -1,
    "BAND": "r",
    "statistic": "signed_sqrt_diagonal_chi2",
    "n": 4490,
    "objects": 1373,
    "mean": -0.12001844460411225,
    "rms": 1.425493311243827,
    "mad_sigma": 1.0127569279297641,
    "abs_gt3_fraction": 0.03585746102449889,
    "abs_gt5_fraction": 0.00957683741648107
  },
  {
    "DATA_MODEL": -1,
    "BAND": "z",
    "statistic": "measurement_pull",
    "n": 4743,
    "objects": 1431,
    "mean": 0.04616054711899759,
    "rms": 1.5909980800320471,
    "mad_sigma": 1.032066045519616,
    "abs_gt3_fraction": 0.040269871389415984,
    "abs_gt5_fraction": 0.013915243516761544
  },
  {
    "DATA_MODEL": -1,
    "BAND": "z",
    "statistic": "signed_sqrt_diagonal_chi2",
    "n": 4743,
    "objects": 1431,
    "mean": 0.03371377792487922,
    "rms": 1.2898515638301793,
    "mad_sigma": 0.9493271994417941,
    "abs_gt3_fraction": 0.03457727176892262,
    "abs_gt5_fraction": 0.009065991988193127
  },
  {
    "DATA_MODEL": 1,
    "BAND": "g",
    "statistic": "measurement_pull",
    "n": 4361,
    "objects": 436,
    "mean": 0.13831809622195976,
    "rms": 1.8591288615072508,
    "mad_sigma": 1.2247736022961788,
    "abs_gt3_fraction": 0.04952992432928228,
    "abs_gt5_fraction": 0.015134143545058473
  },
  {
    "DATA_MODEL": 1,
    "BAND": "g",
    "statistic": "signed_sqrt_diagonal_chi2",
    "n": 4361,
    "objects": 436,
    "mean": 0.062423673266367,
    "rms": 0.974365308855996,
    "mad_sigma": 0.9376785717931279,
    "abs_gt3_fraction": 0.0016051364365971107,
    "abs_gt5_fraction": 0.0
  },
  {
    "DATA_MODEL": 1,
    "BAND": "i",
    "statistic": "measurement_pull",
    "n": 20197,
    "objects": 1625,
    "mean": -0.0585913959497382,
    "rms": 1.0827388288448885,
    "mad_sigma": 0.9864693381368852,
    "abs_gt3_fraction": 0.008813190077734318,
    "abs_gt5_fraction": 0.0016339060256473734
  },
  {
    "DATA_MODEL": 1,
    "BAND": "i",
    "statistic": "signed_sqrt_diagonal_chi2",
    "n": 20197,
    "objects": 1625,
    "mean": -0.050687495523380026,
    "rms": 0.9110400970997616,
    "mad_sigma": 0.8895599999999999,
    "abs_gt3_fraction": 0.0006436599494974502,
    "abs_gt5_fraction": 0.0
  },
  {
    "DATA_MODEL": 1,
    "BAND": "r",
    "statistic": "measurement_pull",
    "n": 18398,
    "objects": 1524,
    "mean": -0.0360934621869333,
    "rms": 1.161323620220196,
    "mad_sigma": 1.0323349095929624,
    "abs_gt3_fraction": 0.012610066311555604,
    "abs_gt5_fraction": 0.0028263941732797043
  },
  {
    "DATA_MODEL": 1,
    "BAND": "r",
    "statistic": "signed_sqrt_diagonal_chi2",
    "n": 18398,
    "objects": 1524,
    "mean": -0.027279381706971962,
    "rms": 0.9358480118321222,
    "mad_sigma": 0.9018303727420139,
    "abs_gt3_fraction": 0.0010327209479291228,
    "abs_gt5_fraction": 0.0
  },
  {
    "DATA_MODEL": 1,
    "BAND": "z",
    "statistic": "measurement_pull",
    "n": 19746,
    "objects": 1577,
    "mean": 0.05746782088080989,
    "rms": 1.0420518672836405,
    "mad_sigma": 0.9606829020492638,
    "abs_gt3_fraction": 0.007495188899017523,
    "abs_gt5_fraction": 0.0015192950470981465
  },
  {
    "DATA_MODEL": 1,
    "BAND": "z",
    "statistic": "signed_sqrt_diagonal_chi2",
    "n": 19746,
    "objects": 1577,
    "mean": 0.03626474260884994,
    "rms": 0.9036991963121206,
    "mad_sigma": 0.8895599999999999,
    "abs_gt3_fraction": 0.0009115770282588879,
    "abs_gt5_fraction": 0.0
  }
]
