{
  "parameters": {
    "M": {
      "mean": -19.31407426479297,
      "std": 0.01618490341704009,
      "median": -19.31399582801082,
      "5.0%": -19.34076078428972,
      "95.0%": -19.28712216443206,
      "n_eff": 841.0056624655723,
      "r_hat": 1.0004044573154043
    },
    "alpha": {
      "mean": 0.15004940967446395,
      "std": 0.004280312651939752,
      "median": 0.15005592246178526,
      "5.0%": 0.14283799825663163,
      "95.0%": 0.15676401910760687,
      "n_eff": 1644.5968391898807,
      "r_hat": 0.9991336283268651
    },
    "beta": {
      "mean": 2.0908814177724864,
      "std": 0.14378013177284835,
      "median": 2.088783275101805,
      "5.0%": 1.844914803845294,
      "95.0%": 2.3163947608541835,
      "n_eff": 1006.7695172772436,
      "r_hat": 1.0014287286469734
    },
    "mc": {
      "mean": -0.06523993993573901,
      "std": 0.0041673686959294385,
      "median": -0.06524838914327363,
      "5.0%": -0.07226093740108297,
      "95.0%": -0.05885416195760866,
      "n_eff": 1266.4764527937366,
      "r_hat": 0.9998547014091697
    },
    "mx": {
      "mean": 0.004209771124229981,
      "std": 0.04955586341402432,
      "median": 0.00409391075106379,
      "5.0%": -0.07706476433400156,
      "95.0%": 0.0831235967392545,
      "n_eff": 1579.8171334569633,
      "r_hat": 0.9993310004963929
    },
    "mx_h": {
      "mean": -0.31200428232105726,
      "std": 0.06782618550895485,
      "median": -0.3125480312634388,
      "5.0%": -0.4301093927322187,
      "95.0%": -0.20794875836874097,
      "n_eff": 1698.6300200764072,
      "r_hat": 0.9995659893869119
    },
    "rb": {
      "mean": 3.2857663326718476,
      "std": 0.08090922512396467,
      "median": 3.283865322508783,
      "5.0%": 3.154339101159005,
      "95.0%": 3.4219942473169116,
      "n_eff": 1178.3952768526847,
      "r_hat": 0.9994338198517911
    },
    "sc": {
      "mean": 0.048930713549761896,
      "std": 0.002355921796063458,
      "median": 0.04891231418403587,
      "5.0%": 0.04499378137416253,
      "95.0%": 0.05276044662380172,
      "n_eff": 1409.4981844064898,
      "r_hat": 1.0001308684392554
    },
    "sm": {
      "mean": 0.0974340983325113,
      "std": 0.004834579102326583,
      "median": 0.0973959515053262,
      "5.0%": 0.08936558003690118,
      "95.0%": 0.10507122986751627,
      "n_eff": 1361.628599625446,
      "r_hat": 1.000037128445601
    },
    "sx": {
      "mean": 1.008116576482017,
      "std": 0.022046706517242463,
      "median": 1.0081191993154701,
      "5.0%": 0.9735359579231829,
      "95.0%": 1.0462240855419023,
      "n_eff": 1677.721388041543,
      "r_hat": 1.000962331663171
    },
    "tau": {
      "mean": 0.10297814850933944,
      "std": 0.0071230054287151675,
      "median": 0.1025300197864128,
      "5.0%": 0.09117270834765502,
      "95.0%": 0.11413226663310212,
      "n_eff": 1483.6803525749394,
      "r_hat": 1.0012924982083413
    }
  },
  "divergences": 0,
  "maximum_num_steps": 63,
  "mean_acceptance": 0.9482802186201609,
  "runtime_seconds": 352.62534403800964,
  "qualification": "Independent effective-SALT hierarchical model; synthetic selection explicitly labelled; no automatic claim of physical dust identification."
}
