{
  "sample": "conditioned",
  "n_fits": 1829,
  "n_matched_reference": 1829,
  "n_published": 1829,
  "hessian_nonpositive_correlation_eigenvalues": 0,
  "hessian_min_correlation_eigenvalue": 0.010562923828815771,
  "hessian_max_asymmetry": 0.0,
  "fit_error_flags": {
    "0": 1829
  },
  "differences": {
    "mB": {
      "median": -1.0415649416728456e-05,
      "rms": 0.0047797649097191825,
      "q90_abs": 0.00041948364257820013,
      "max_abs": 0.09614437866211034
    },
    "x1": {
      "median": 1.6646385198049174e-07,
      "rms": 0.13472474945307125,
      "q90_abs": 0.0028682682800293966,
      "max_abs": 5.336884830474854
    },
    "c": {
      "median": -7.891702652002008e-06,
      "rms": 0.0024409212050839945,
      "q90_abs": 0.0006488873749971605,
      "max_abs": 0.0661383948773145
    },
    "PKMJD": {
      "median": -6.2499966588802636e-06,
      "rms": 0.1287827986242171,
      "q90_abs": 0.003943750001781154,
      "max_abs": 5.015612499999406
    },
    "NDOF": {
      "median": 0.0,
      "rms": 0.33641729924983704,
      "q90_abs": 0.0,
      "max_abs": 7.0
    },
    "FITPROB": {
      "median": -2.110424041745773e-05,
      "rms": 0.03150028182701415,
      "q90_abs": 0.0033442287635803763,
      "max_abs": 0.6930664469808341
    }
  },
  "surveys": {
    "5": {
      "n": 8,
      "mB_median_shift": 0.0008435165405273892,
      "Tripp_median_shift": -0.0010721792575986758,
      "n_different_NDOF": 3
    },
    "10": {
      "n": 1635,
      "mB_median_shift": -1.70440673841199e-05,
      "Tripp_median_shift": 2.8138464763700758e-05,
      "n_different_NDOF": 12
    },
    "63": {
      "n": 15,
      "mB_median_shift": 4.216003418022751e-05,
      "Tripp_median_shift": -0.0012108804954634965,
      "n_different_NDOF": 3
    },
    "64": {
      "n": 31,
      "mB_median_shift": 0.00022963256835950574,
      "Tripp_median_shift": -0.0011481718937758924,
      "n_different_NDOF": 7
    },
    "65": {
      "n": 19,
      "mB_median_shift": 0.00022810058593591975,
      "Tripp_median_shift": -0.001189762812987467,
      "n_different_NDOF": 1
    },
    "66": {
      "n": 3,
      "mB_median_shift": 0.00043366699218694293,
      "Tripp_median_shift": 0.02412732153085722,
      "n_different_NDOF": 2
    },
    "150": {
      "n": 118,
      "mB_median_shift": 0.00048401336669812167,
      "Tripp_median_shift": -0.0007092717948257155,
      "n_different_NDOF": 2
    }
  },
  "missing_reference_keys": [],
  "covariance_definition": "Minuit full Hessian FITERRMAT; 4x4 order x0,x1,c,t0; transformed mx,x1,c,t0. MINOS scalar errors retained separately in CSV; not used as Hessian diagonals. No PSD repair.",
  "source_hashes": {
    "phase2/official/diagnostics/snana-des-conditioned0.log": "9e2ceea6100223dbb59c9d10b65308cfdf490b6b2c694270c004580e436e83e5",
    "phase2/official/diagnostics/snana-des-conditioned1.log": "20f264e7634c1b143503d9540af9d61e9e1aa4809a047179dcebc04574331b44",
    "phase2/official/diagnostics/snana-des-conditioned2.log": "4ab5ddb76afc8ef1f35b670d00389d9b0e1cbcaa3b11e04e367f74f623e6f8cc",
    "phase2/official/diagnostics/snana-des-conditioned3.log": "f6baa596d22e8e807c27eabb1ee45d1813d6bc0aa9801becbeb11b5337cb38a2",
    "phase2/official/diagnostics/snana-lowz-consistent.log": "30e4895d2b8f2e11a85b9ae897d02403a59a1e77c82595ccf0cd0b11bf02f368",
    "phase2/official/diagnostics/snana-foundation-hessian.log": "2cb06d9b9431130d70269490f4929a21413583460e1640f020b49ce9b0717525",
    "phase2/official/build/SNANA-current/bin/snlc_fit.exe": "68b2ca43fc448bba647c491753f2a0fe1a7318134e486d9dcb6964aafc2063eb"
  },
  "arm_definition": "DES author-accepted-mask conditioning with no new clipping/phase cuts; lowz and Foundation retain recovered baseline fits. Not an independent recovery of author masking."
}
