[
  {
    "label": "xm2_tm4",
    "returncode": 0,
    "graceful": true
  },
  {
    "label": "xm2_tp0",
    "returncode": 0,
    "graceful": true
  },
  {
    "label": "xm2_tp4",
    "returncode": 0,
    "graceful": true
  },
  {
    "label": "xp0_tm4",
    "returncode": 0,
    "graceful": true
  },
  {
    "label": "xp0_tp0",
    "returncode": 0,
    "graceful": true
  },
  {
    "label": "xp0_tp4",
    "returncode": 0,
    "graceful": true
  },
  {
    "label": "xp2_tm4",
    "returncode": 0,
    "graceful": true
  },
  {
    "label": "xp2_tp0",
    "returncode": 0,
    "graceful": true
  },
  {
    "label": "xp2_tp4",
    "returncode": 0,
    "graceful": true
  },
  {
    "label": "reference",
    "returncode": 0,
    "graceful": true
  }
]
