Using Python 3.12.14 environment at: phase2/env-official
Resolved 24 packages in 476ms
Downloading h5py (5.2MiB)
 Downloaded h5py
   Building sncosmo==2.12.1
      Built sncosmo==2.12.1
Prepared 5 packages in 9.96s
Installed 24 packages in 103ms
 + astropy==7.1.0
 + astropy-iers-data==0.2026.9.14.0.56.43
 + contourpy==1.4.0
 + cycler==0.12.1
 + extinction==0.4.9
 + fonttools==4.65.0
 + h5py==3.16.0
 + iminuit==2.31.1
 + kiwisolver==1.5.1
 + looseversion==1.3.0
 + matplotlib==3.10.3
 + numpy==2.2.6
 + packaging==26.3
 + pandas==2.2.3
 + pillow==12.3.0
 + pyerfa==2.0.1.5
 + pyparsing==3.3.3
 + python-dateutil==2.9.0.post0
 + pytz==2026.3.post1
 + pyyaml==6.0.2
 + scipy==1.15.3
 + six==1.17.0
 + sncosmo==2.12.1
 + tzdata==2026.4
