Using Python 3.10.21 environment at: phase2/classification/env
Resolved 30 packages in 993ms
Downloading matplotlib (11.0MiB)
Downloading scikit-learn (9.2MiB)
Downloading torch (189.9MiB)
Downloading numpy (16.3MiB)
Downloading astropy (9.7MiB)
Downloading kiwisolver (1.6MiB)
Downloading pandas (11.5MiB)
Downloading fonttools (5.0MiB)
Downloading h5py (4.4MiB)
Downloading scipy (32.8MiB)
Downloading pillow (6.6MiB)
 Downloaded kiwisolver
 Downloaded h5py
 Downloaded fonttools
 Downloaded pillow
 Downloaded scikit-learn
 Downloaded matplotlib
 Downloaded astropy
 Downloaded pandas
 Downloaded numpy
 Downloaded scipy
 Downloaded torch
Prepared 23 packages in 5.06s
Installed 30 packages in 418ms
 + astropy==5.3.4
 + cloudpickle==3.1.2
 + colorama==0.4.6
 + contourpy==1.3.2
 + cycler==0.12.1
 + fonttools==4.65.0
 + h5py==3.8.0
 + joblib==1.6.0
 + kiwisolver==1.5.1
 + matplotlib==3.7.5
 + natsort==8.4.0
 + numpy==1.23.5
 + packaging==24.1
 + pandas==1.5.3
 + pillow==12.3.0
 + pyerfa==2.0.1.5
 + pyparsing==3.3.3
 + python-dateutil==2.9.0.post0
 + pytz==2026.3.post1
 + pyyaml==6.0.2
 + scikit-learn==1.2.2
 + scipy==1.10.1
 + seaborn==0.12.2
 + six==1.17.0
 + tabulate==0.9.0
 + termcolor==2.4.0
 + threadpoolctl==3.7.0
 + torch==1.13.1+cpu
 + tqdm==4.66.5
 + typing-extensions==4.16.0
