inferred 1/5
inferred 2/5
inferred 3/5
inferred 4/5
inferred 5/5
inferred 128/256
inferred 256/256
inferred 1/5
inferred 2/5
inferred 3/5
inferred 4/5
inferred 5/5
inferred 128/256
inferred 256/256
inferred 1/5
inferred 2/5
inferred 3/5
inferred 4/5
inferred 5/5
inferred 128/256
inferred 256/256
{
  "count": 768,
  "by_arm": {
    "P21_noisetrue120": 256,
    "P21_rho000": 256,
    "P21_rho090": 256
  },
  "gt999": {
    "P21_noisetrue120": 156,
    "P21_rho000": 168,
    "P21_rho090": 164
  },
  "max_single_batch_abs": 5.960464477539063e-08,
  "threshold_within_1e6": [],
  "raw_epochs": 68052,
  "window_excluded": 17598,
  "flag_excluded": 0,
  "retained_epochs": 50454,
  "truth_input_used": false
}
