finished native_edge_full/P21_rho000/baseline
finished native_edge_full/P21_rho000/p1_minus
finished native_edge_full/P21_rho000/p1_plus
finished native_edge_full/P21_rho000/p2_minus
finished native_edge_full/P21_rho000/p2_plus
finished native_edge_full/P21_rho000/p3_minus
finished native_edge_full/P21_rho000/p3_plus
finished native_edge_full/P21_rho090/baseline
finished native_edge_full/P21_rho090/p1_minus
finished native_edge_full/P21_rho090/p1_plus
finished native_edge_full/P21_rho090/p2_minus
finished native_edge_full/P21_rho090/p2_plus
finished native_edge_full/P21_rho090/p3_minus
finished native_edge_full/P21_rho090/p3_plus
finished native_edge_full/P21_noisetrue120/baseline
finished native_edge_full/P21_noisetrue120/p1_minus
finished native_edge_full/P21_noisetrue120/p1_plus
finished native_edge_full/P21_noisetrue120/p2_minus
finished native_edge_full/P21_noisetrue120/p2_plus
finished native_edge_full/P21_noisetrue120/p3_minus
finished native_edge_full/P21_noisetrue120/p3_plus
{
  "jobs": 21,
  "object_exports": 49,
  "all_exported": true,
  "source_sha256": "5eaac08e4c6aa7e356ecc48a07ab5bb7ea5d11b2583ba130bdc6be8879fda14e",
  "plan_sha256": "583c2b783b66a4fff53b216670d3828f6b33e6875af5ab255b5d5eda57148dab"
}
