scored P21
scored P21_rho000
scored P21_rho090
scored P21_noisetrue120
{
  "scored": 1023,
  "by_arm": {
    "P21": 256,
    "P21_noisetrue120": 255,
    "P21_rho000": 256,
    "P21_rho090": 256
  },
  "frozen_coefficients": [
    -0.005228459879847558,
    0.019264603517739853,
    -0.021873349329678337
  ],
  "nominal_reuse_score_max_difference": {
    "projected_chi2": 1.4210854715202004e-14,
    "matched_filter": 1.4432899320127035e-15,
    "information": 1.1102230246251565e-15,
    "fixed_gain": 1.7763568394002505e-15
  },
  "rank4_all": true,
  "positive_information_all": true,
  "maximum_halfstep": {
    "P21": 4.842735211518089e-06,
    "P21_noisetrue120": 3.6925427180716767e-06,
    "P21_rho000": 5.292454747509574e-06,
    "P21_rho090": 1.7440919621995567e-06
  },
  "missing_fitres": [
    {
      "arm": "P21_noisetrue120",
      "CID": 10516
    }
  ]
}
