{
  "sources/repos/des-science__DES-SN5YR/4_DISTANCES_COVMAT/DES-Dovekie_HD.csv": {
    "rows": 1820,
    "columns": [
      "CID",
      "IDSURVEY",
      "zHD",
      "zHEL",
      "MU",
      "MUERR",
      "MUERR_VPEC",
      "MUERR_SYS",
      "PROBIA_BEAMS"
    ],
    "format": "SNANA whitespace table (VARNAMES/SN), despite .csv suffix",
    "survey_counts": {
      "150": 117,
      "63": 16,
      "64": 31,
      "65": 22,
      "5": 8,
      "66": 3,
      "10": 1623
    },
    "unique_CID": 1820
  },
  "sources/repos/des-science__DES-SN5YR@1.3/4_DISTANCES_COVMAT/DES-SN5YR_HD.csv": {
    "rows": 1829,
    "columns": [
      "CID",
      "IDSURVEY",
      "zCMB",
      "zHD",
      "zHEL",
      "MU",
      "MUERR_FINAL"
    ],
    "format": "CSV",
    "survey_counts": {
      "10": 1635,
      "63": 15,
      "64": 31,
      "5": 8,
      "65": 19,
      "66": 3,
      "150": 118
    },
    "unique_CID": 1829
  },
  "data/host_ages/chung2025/table1.dat": {
    "data_rows": 199,
    "format": "LaTeX-style ampersand table; see original paper captions for HR conventions"
  },
  "data/host_ages/chung2025/table2.dat": {
    "data_rows": 102,
    "format": "LaTeX-style ampersand table; see original paper captions for HR conventions"
  },
  "sources/repos/des-science__DES-SN5YR/0_DATA/DES-SN5YR_DES/DES-SN5YR_DES_HEAD.FITS.gz": {
    "fits_extensions": [
      {
        "NAXIS1": "0"
      },
      {
        "XTENSION": "BINTABLE",
        "NAXIS1": "468",
        "NAXIS2": "19706",
        "TFIELDS": "99",
        "EXTNAME": "Header"
      }
    ]
  },
  "sources/repos/des-science__DES-SN5YR/0_DATA/DES-SN5YR_Foundation/DES-SN5YR_Foundation_HEAD.FITS.gz": {
    "fits_extensions": [
      {
        "NAXIS1": "0"
      },
      {
        "XTENSION": "BINTABLE",
        "NAXIS1": "432",
        "NAXIS2": "185",
        "TFIELDS": "95",
        "EXTNAME": "Header"
      }
    ]
  },
  "sources/repos/des-science__DES-SN5YR/0_DATA/DES-SN5YR_LOWZ/DES-SN5YR_LOWZ_HEAD.FITS.gz": {
    "fits_extensions": [
      {
        "NAXIS1": "0"
      },
      {
        "XTENSION": "BINTABLE",
        "NAXIS1": "1072",
        "NAXIS2": "342",
        "TFIELDS": "246",
        "EXTNAME": "Header"
      }
    ]
  },
  "sources/repos/des-science__DES-SN5YR@1.3/0_DATA/DES-SN5YR_DES/DES-SN5YR_DES_HEAD.FITS.gz": {
    "fits_extensions": [
      {
        "NAXIS1": "0"
      },
      {
        "XTENSION": "BINTABLE",
        "NAXIS1": "440",
        "NAXIS2": "19706",
        "TFIELDS": "96",
        "EXTNAME": "Header"
      }
    ]
  },
  "sources/repos/des-science__DES-SN5YR@1.3/0_DATA/DES-SN5YR_Foundation/DES-SN5YR_Foundation_HEAD.FITS.gz": {
    "fits_extensions": [
      {
        "NAXIS1": "0"
      },
      {
        "XTENSION": "BINTABLE",
        "NAXIS1": "432",
        "NAXIS2": "185",
        "TFIELDS": "95",
        "EXTNAME": "Header"
      }
    ]
  },
  "sources/repos/des-science__DES-SN5YR@1.3/0_DATA/DES-SN5YR_LOWZ/DES-SN5YR_LOWZ_HEAD.FITS.gz": {
    "fits_extensions": [
      {
        "NAXIS1": "0"
      },
      {
        "XTENSION": "BINTABLE",
        "NAXIS1": "1072",
        "NAXIS2": "342",
        "TFIELDS": "246",
        "EXTNAME": "Header"
      }
    ]
  },
  "data/des-diffimg/DES-SN5YR_DIFFIMG_HEAD.FITS.gz": {
    "fits_extensions": [
      {
        "NAXIS1": "0"
      },
      {
        "XTENSION": "BINTABLE",
        "NAXIS1": "648",
        "NAXIS2": "31636",
        "TFIELDS": "122",
        "EXTNAME": "Header"
      }
    ]
  },
  "data/dust/GSWLC-X2.dat.gz": {
    "rows": 659229,
    "columns_count": 24,
    "schema": "data/dust/GSWLC-2-column-description.pdf",
    "missing_value": -99
  },
  "data/dust/GSWLC-M2.dat.gz": {
    "rows": 361328,
    "columns_count": 24,
    "schema": "data/dust/GSWLC-2-column-description.pdf",
    "missing_value": -99
  },
  "sources/repos/PantheonPlusSH0ES__DataRelease/Pantheon+_Data/4_DISTANCES_AND_COVAR/Pantheon+SH0ES.dat": {
    "rows": 1701,
    "unique_CID": 1543,
    "columns": [
      "CID",
      "IDSURVEY",
      "zHD",
      "zHDERR",
      "zCMB",
      "zCMBERR",
      "zHEL",
      "zHELERR",
      "m_b_corr",
      "m_b_corr_err_DIAG",
      "MU_SH0ES",
      "MU_SH0ES_ERR_DIAG",
      "CEPH_DIST",
      "IS_CALIBRATOR",
      "USED_IN_SH0ES_HF",
      "c",
      "cERR",
      "x1",
      "x1ERR",
      "mB",
      "mBERR",
      "x0",
      "x0ERR",
      "COV_x1_c",
      "COV_x1_x0",
      "COV_c_x0",
      "RA",
      "DEC",
      "HOST_RA",
      "HOST_DEC",
      "HOST_ANGSEP",
      "VPEC",
      "VPECERR",
      "MWEBV",
      "HOST_LOGMASS",
      "HOST_LOGMASS_ERR",
      "PKMJD",
      "PKMJDERR",
      "NDOF",
      "FITCHI2",
      "FITPROB",
      "m_b_corr_err_RAW",
      "m_b_corr_err_VPEC",
      "biasCor_m_b",
      "biasCorErr_m_b",
      "biasCor_m_b_COVSCALE",
      "biasCor_m_b_COVADD"
    ]
  },
  "sources/repos/PantheonPlusSH0ES__DataRelease@7fc6805/Pantheon+_Data/4_DISTANCES_AND_COVAR/Pantheon+SH0ES.dat": {
    "rows": 1701,
    "unique_CID": 1543,
    "columns": [
      "CID",
      "IDSURVEY",
      "zHD",
      "zHDERR",
      "zCMB",
      "zCMBERR",
      "zHEL",
      "zHELERR",
      "m_b_corr",
      "m_b_corr_err_DIAG",
      "MU_SH0ES",
      "MU_SH0ES_ERR_DIAG",
      "CEPH_DIST",
      "IS_CALIBRATOR",
      "USED_IN_SH0ES_HF",
      "c",
      "cERR",
      "x1",
      "x1ERR",
      "mB",
      "mBERR",
      "x0",
      "x0ERR",
      "COV_x1_c",
      "COV_x1_x0",
      "COV_c_x0",
      "RA",
      "DEC",
      "HOST_RA",
      "HOST_DEC",
      "HOST_ANGSEP",
      "VPEC",
      "VPECERR",
      "MWEBV",
      "HOST_LOGMASS",
      "HOST_LOGMASS_ERR",
      "PKMJD",
      "PKMJDERR",
      "NDOF",
      "FITCHI2",
      "FITPROB",
      "m_b_corr_err_RAW",
      "m_b_corr_err_VPEC",
      "biasCor_m_b",
      "biasCorErr_m_b",
      "biasCor_m_b_COVSCALE",
      "biasCor_m_b_COVADD"
    ]
  },
  "sources/repos/CobayaSampler__bao_data/desi_bao_dr2/desi_gaussian_bao_ALL_GCcomb_mean.txt": {
    "data_rows": 13
  }
}
