{
  "states": 126,
  "last_two": {
    "2004ef": {
      "last_two_iterations": [
        2,
        3
      ],
      "D_change": -0.00023706642137710787,
      "same_epoch_mask": true,
      "last_fixed_C_D_gap": 7.503948040721298e-08,
      "last_Q_gap": 0.0,
      "relative_weight_Frobenius_change": 0.006874423516983758
    },
    "2004gu": {
      "last_two_iterations": [
        2,
        3
      ],
      "D_change": 5.37494441346098e-05,
      "same_epoch_mask": true,
      "last_fixed_C_D_gap": 2.960177880595438e-09,
      "last_Q_gap": 7.105427357601002e-15,
      "relative_weight_Frobenius_change": 0.010787250316842568
    },
    "2005ag": {
      "last_two_iterations": [
        2,
        3
      ],
      "D_change": -2.132736671001112e-05,
      "same_epoch_mask": true,
      "last_fixed_C_D_gap": 5.170193162484793e-10,
      "last_Q_gap": 7.105427357601002e-15,
      "relative_weight_Frobenius_change": 0.001337711837339678
    },
    "2005hc": {
      "last_two_iterations": [
        2,
        3
      ],
      "D_change": 4.791288169769814e-06,
      "same_epoch_mask": true,
      "last_fixed_C_D_gap": 1.1048939541069558e-11,
      "last_Q_gap": 1.4210854715202004e-14,
      "relative_weight_Frobenius_change": 0.0008098736107603904
    },
    "2005na": {
      "last_two_iterations": [
        2,
        3
      ],
      "D_change": 0.00025607530575655346,
      "same_epoch_mask": true,
      "last_fixed_C_D_gap": 8.952648755666814e-08,
      "last_Q_gap": 7.105427357601002e-15,
      "relative_weight_Frobenius_change": 0.01619722134118891
    },
    "2006hx": {
      "last_two_iterations": [
        2,
        3
      ],
      "D_change": 9.51451623549815e-05,
      "same_epoch_mask": true,
      "last_fixed_C_D_gap": 1.177795638795942e-08,
      "last_Q_gap": 1.4210854715202004e-14,
      "relative_weight_Frobenius_change": 0.007425041392381286
    },
    "2007S": {
      "last_two_iterations": [
        2,
        3
      ],
      "D_change": -7.205988353575776e-05,
      "same_epoch_mask": true,
      "last_fixed_C_D_gap": 6.593694479306578e-09,
      "last_Q_gap": 1.1368683772161603e-13,
      "relative_weight_Frobenius_change": 0.006491812299183363
    },
    "2007ca": {
      "last_two_iterations": [
        2,
        3
      ],
      "D_change": -0.0017239501746217911,
      "same_epoch_mask": true,
      "last_fixed_C_D_gap": 4.057777630350756e-06,
      "last_Q_gap": 2.8421709430404007e-13,
      "relative_weight_Frobenius_change": 0.04106894612813041
    },
    "2008ar": {
      "last_two_iterations": [
        2,
        3
      ],
      "D_change": 1.7753617399307586e-05,
      "same_epoch_mask": true,
      "last_fixed_C_D_gap": 8.531486628271523e-11,
      "last_Q_gap": 0.0,
      "relative_weight_Frobenius_change": 0.0017923613810356647
    },
    "2008gl": {
      "last_two_iterations": [
        2,
        3
      ],
      "D_change": -0.0006689352484841038,
      "same_epoch_mask": true,
      "last_fixed_C_D_gap": 6.114613526619905e-07,
      "last_Q_gap": 3.410605131648481e-13,
      "relative_weight_Frobenius_change": 0.011943300475757469
    },
    "2008hu": {
      "last_two_iterations": [
        2,
        3
      ],
      "D_change": -0.0021083527172152117,
      "same_epoch_mask": true,
      "last_fixed_C_D_gap": 6.056565339918052e-06,
      "last_Q_gap": 5.684341886080802e-14,
      "relative_weight_Frobenius_change": 0.06265681589044542
    },
    "2009D": {
      "last_two_iterations": [
        2,
        3
      ],
      "D_change": -0.0001583312194028963,
      "same_epoch_mask": true,
      "last_fixed_C_D_gap": 3.375924961801502e-08,
      "last_Q_gap": 2.842170943040401e-14,
      "relative_weight_Frobenius_change": 0.012852844741278688
    },
    "2009ad": {
      "last_two_iterations": [
        2,
        3
      ],
      "D_change": -0.00038844352899758405,
      "same_epoch_mask": true,
      "last_fixed_C_D_gap": 2.049936398407226e-07,
      "last_Q_gap": 1.4210854715202004e-14,
      "relative_weight_Frobenius_change": 0.013384028696450953
    },
    "2009cz": {
      "last_two_iterations": [
        2,
        3
      ],
      "D_change": 3.632564047251208e-05,
      "same_epoch_mask": true,
      "last_fixed_C_D_gap": 1.4373071621776035e-09,
      "last_Q_gap": 4.263256414560601e-14,
      "relative_weight_Frobenius_change": 0.004135786583496208
    },
    "2004eo": {
      "last_two_iterations": [
        2,
        3
      ],
      "D_change": -0.0006750513991704565,
      "same_epoch_mask": true,
      "last_fixed_C_D_gap": 6.101029228489097e-07,
      "last_Q_gap": 7.958078640513122e-13,
      "relative_weight_Frobenius_change": 0.09785944061336226
    },
    "2005M": {
      "last_two_iterations": [
        2,
        3
      ],
      "D_change": -0.0002430011826461964,
      "same_epoch_mask": true,
      "last_fixed_C_D_gap": 8.035222265334596e-08,
      "last_Q_gap": 2.842170943040401e-14,
      "relative_weight_Frobenius_change": 0.026854929871730108
    },
    "2005al": {
      "last_two_iterations": [
        2,
        3
      ],
      "D_change": 0.00018032254330080377,
      "same_epoch_mask": true,
      "last_fixed_C_D_gap": 4.621975335794559e-08,
      "last_Q_gap": 4.547473508864641e-13,
      "relative_weight_Frobenius_change": 0.06349480149192951
    },
    "2005el": {
      "last_two_iterations": [
        2,
        3
      ],
      "D_change": 0.0002652113006149648,
      "same_epoch_mask": true,
      "last_fixed_C_D_gap": 1.1484907247449883e-07,
      "last_Q_gap": 4.547473508864641e-13,
      "relative_weight_Frobenius_change": 0.11083860252828456
    },
    "2005hj": {
      "last_two_iterations": [
        2,
        3
      ],
      "D_change": 1.2856723969889572e-05,
      "same_epoch_mask": true,
      "last_fixed_C_D_gap": 2.0460078076212085e-10,
      "last_Q_gap": 0.0,
      "relative_weight_Frobenius_change": 0.0004478258184855561
    },
    "2005kc": {
      "last_two_iterations": [
        2,
        3
      ],
      "D_change": -0.0006529948001769981,
      "same_epoch_mask": true,
      "last_fixed_C_D_gap": 5.802815508104686e-07,
      "last_Q_gap": 8.526512829121202e-14,
      "relative_weight_Frobenius_change": 0.04399382955966599
    },
    "2006et": {
      "last_two_iterations": [
        2,
        3
      ],
      "D_change": -6.848417183391575e-05,
      "same_epoch_mask": true,
      "last_fixed_C_D_gap": 6.099320160046773e-09,
      "last_Q_gap": 1.9895196601282805e-13,
      "relative_weight_Frobenius_change": 0.007574237591865282
    },
    "2007as": {
      "last_two_iterations": [
        2,
        3
      ],
      "D_change": 0.0007918413308232175,
      "same_epoch_mask": true,
      "last_fixed_C_D_gap": 8.735825574035516e-07,
      "last_Q_gap": 4.547473508864641e-13,
      "relative_weight_Frobenius_change": 0.03721064298673091
    },
    "2007bd": {
      "last_two_iterations": [
        2,
        3
      ],
      "D_change": 9.09787898493164e-05,
      "same_epoch_mask": true,
      "last_fixed_C_D_gap": 9.477631124354957e-09,
      "last_Q_gap": 1.7053025658242404e-13,
      "relative_weight_Frobenius_change": 0.00821251056740127
    },
    "2007jg": {
      "last_two_iterations": [
        2,
        3
      ],
      "D_change": -0.0009377644629253723,
      "same_epoch_mask": true,
      "last_fixed_C_D_gap": 1.1991095192342982e-06,
      "last_Q_gap": 2.842170943040401e-14,
      "relative_weight_Frobenius_change": 0.023152864049554685
    },
    "2008bc": {
      "last_two_iterations": [
        2,
        3
      ],
      "D_change": -7.146101326327425e-05,
      "same_epoch_mask": true,
      "last_fixed_C_D_gap": 6.6657506181400095e-09,
      "last_Q_gap": 5.684341886080802e-14,
      "relative_weight_Frobenius_change": 0.028480840478622507
    },
    "2008bq": {
      "last_two_iterations": [
        2,
        3
      ],
      "D_change": 2.23466589943655e-06,
      "same_epoch_mask": true,
      "last_fixed_C_D_gap": -9.43600753089413e-12,
      "last_Q_gap": 7.105427357601002e-15,
      "relative_weight_Frobenius_change": 0.0017417804740897198
    },
    "2008gp": {
      "last_two_iterations": [
        2,
        3
      ],
      "D_change": -0.0006692855830152666,
      "same_epoch_mask": true,
      "last_fixed_C_D_gap": 6.10882935347945e-07,
      "last_Q_gap": 5.684341886080802e-14,
      "relative_weight_Frobenius_change": 0.020972670772784738
    },
    "2008hv": {
      "last_two_iterations": [
        2,
        3
      ],
      "D_change": 0.00014296991518847335,
      "same_epoch_mask": true,
      "last_fixed_C_D_gap": 2.31841497111418e-08,
      "last_Q_gap": 4.547473508864641e-12,
      "relative_weight_Frobenius_change": 0.013005439062958923
    },
    "2009aa": {
      "last_two_iterations": [
        2,
        3
      ],
      "D_change": 1.4166288167416496e-05,
      "same_epoch_mask": true,
      "last_fixed_C_D_gap": -5.469686925607675e-10,
      "last_Q_gap": 5.684341886080802e-14,
      "relative_weight_Frobenius_change": 0.006094468806207453
    },
    "2009ds": {
      "last_two_iterations": [
        2,
        3
      ],
      "D_change": -0.00019242027626376057,
      "same_epoch_mask": true,
      "last_fixed_C_D_gap": 4.9757744591261144e-08,
      "last_Q_gap": 0.0,
      "relative_weight_Frobenius_change": 0.012036713212623241
    },
    "2004ey": {
      "last_two_iterations": [
        2,
        3
      ],
      "D_change": -0.0014673501254378607,
      "same_epoch_mask": true,
      "last_fixed_C_D_gap": 2.9386771700501413e-06,
      "last_Q_gap": 4.263256414560601e-14,
      "relative_weight_Frobenius_change": 0.035219573859809
    },
    "2005iq": {
      "last_two_iterations": [
        2,
        3
      ],
      "D_change": 0.0003266884783528212,
      "same_epoch_mask": true,
      "last_fixed_C_D_gap": 1.4472134779452972e-07,
      "last_Q_gap": 6.252776074688882e-13,
      "relative_weight_Frobenius_change": 0.014282459627693388
    },
    "2005ki": {
      "last_two_iterations": [
        2,
        3
      ],
      "D_change": 1.92430106409347e-05,
      "same_epoch_mask": true,
      "last_fixed_C_D_gap": -1.8553123481979128e-09,
      "last_Q_gap": 1.1368683772161603e-13,
      "relative_weight_Frobenius_change": 0.004609214019480975
    },
    "2006ax": {
      "last_two_iterations": [
        2,
        3
      ],
      "D_change": -0.00014038941738903077,
      "same_epoch_mask": true,
      "last_fixed_C_D_gap": 2.5918822643689055e-08,
      "last_Q_gap": 4.547473508864641e-13,
      "relative_weight_Frobenius_change": 0.014905016989736671
    },
    "2006kf": {
      "last_two_iterations": [
        2,
        3
      ],
      "D_change": -0.003138522164903179,
      "same_epoch_mask": true,
      "last_fixed_C_D_gap": 1.2935249607437527e-05,
      "last_Q_gap": 5.4569682106375694e-12,
      "relative_weight_Frobenius_change": 0.04428718418838293
    },
    "2007A": {
      "last_two_iterations": [
        2,
        3
      ],
      "D_change": -2.7796303008642553e-05,
      "same_epoch_mask": true,
      "last_fixed_C_D_gap": 5.258016244624741e-13,
      "last_Q_gap": 4.263256414560601e-14,
      "relative_weight_Frobenius_change": 0.005477054045718161
    },
    "2008bf": {
      "last_two_iterations": [
        2,
        3
      ],
      "D_change": -1.0186626582253666e-06,
      "same_epoch_mask": true,
      "last_fixed_C_D_gap": -2.190603254348389e-11,
      "last_Q_gap": 5.684341886080802e-14,
      "relative_weight_Frobenius_change": 0.007923641164117003
    },
    "2008hj": {
      "last_two_iterations": [
        2,
        3
      ],
      "D_change": 2.2067055652996714e-05,
      "same_epoch_mask": true,
      "last_fixed_C_D_gap": 1.6037660088841221e-10,
      "last_Q_gap": 4.263256414560601e-14,
      "relative_weight_Frobenius_change": 0.0037042260274770763
    },
    "2008ia": {
      "last_two_iterations": [
        2,
        3
      ],
      "D_change": 0.010119812593579525,
      "same_epoch_mask": true,
      "last_fixed_C_D_gap": 1.8620586672568606e-06,
      "last_Q_gap": 1.1368683772161603e-12,
      "relative_weight_Frobenius_change": 0.13246628284376186
    },
    "2009P": {
      "last_two_iterations": [
        2,
        3
      ],
      "D_change": -6.269953674831186e-05,
      "same_epoch_mask": true,
      "last_fixed_C_D_gap": 3.5999860870106204e-09,
      "last_Q_gap": 0.0,
      "relative_weight_Frobenius_change": 0.0017034477900711514
    },
    "2009ab": {
      "last_two_iterations": [
        2,
        3
      ],
      "D_change": -0.003698578276924991,
      "same_epoch_mask": true,
      "last_fixed_C_D_gap": 1.8628050575841826e-05,
      "last_Q_gap": 8.526512829121202e-14,
      "relative_weight_Frobenius_change": 0.20282724680415323
    },
    "2009al": {
      "last_two_iterations": [
        2,
        3
      ],
      "D_change": -8.759166520633244e-05,
      "same_epoch_mask": true,
      "last_fixed_C_D_gap": 9.059959893420455e-09,
      "last_Q_gap": 1.1368683772161603e-13,
      "relative_weight_Frobenius_change": 0.01047428260997372
    }
  }
}
