
Iteration:  100
Rhat values for alpha, beta, log(sigma^2), mean(xi), log(var(xi)), atanh(corr(xi, eta)):
[1.48405936 1.50989284 1.31336706 1.00859349 1.11835533 1.45119786]

Iteration:  200
Rhat values for alpha, beta, log(sigma^2), mean(xi), log(var(xi)), atanh(corr(xi, eta)):
[1.09577412 1.10134916 1.22572045 1.00530063 1.05807269 1.0898906 ]

Iteration:  300
Rhat values for alpha, beta, log(sigma^2), mean(xi), log(var(xi)), atanh(corr(xi, eta)):
[1.05006099 1.051148   1.0846016  1.00854645 1.05655898 1.04190324]

Iteration:  400
Rhat values for alpha, beta, log(sigma^2), mean(xi), log(var(xi)), atanh(corr(xi, eta)):
[1.03075832 1.03383363 1.03996377 1.00263896 1.06226894 1.05188252]

Iteration:  500
Rhat values for alpha, beta, log(sigma^2), mean(xi), log(var(xi)), atanh(corr(xi, eta)):
[1.04011857 1.04097003 1.0869243  1.00606438 1.04698431 1.07754219]

Iteration:  600
Rhat values for alpha, beta, log(sigma^2), mean(xi), log(var(xi)), atanh(corr(xi, eta)):
[1.04002368 1.03974322 1.11730962 1.00564791 1.02305363 1.07128106]

Iteration:  700
Rhat values for alpha, beta, log(sigma^2), mean(xi), log(var(xi)), atanh(corr(xi, eta)):
[1.01600466 1.01482886 1.14987416 1.00690048 1.01563973 1.02696098]

Iteration:  800
Rhat values for alpha, beta, log(sigma^2), mean(xi), log(var(xi)), atanh(corr(xi, eta)):
[1.00764438 1.00555815 1.2046487  1.00947029 1.01990657 1.0041843 ]

Iteration:  900
Rhat values for alpha, beta, log(sigma^2), mean(xi), log(var(xi)), atanh(corr(xi, eta)):
[1.01564214 1.01528079 1.1518247  1.0052314  1.01062932 1.00951883]

Iteration:  1000
Rhat values for alpha, beta, log(sigma^2), mean(xi), log(var(xi)), atanh(corr(xi, eta)):
[1.01604492 1.01601098 1.10486506 1.00292388 1.01249745 1.00989083]

Iteration:  1100
Rhat values for alpha, beta, log(sigma^2), mean(xi), log(var(xi)), atanh(corr(xi, eta)):
[1.01641396 1.01699608 1.09173846 1.00201981 1.01213367 1.01270858]

Iteration:  1200
Rhat values for alpha, beta, log(sigma^2), mean(xi), log(var(xi)), atanh(corr(xi, eta)):
[1.01751637 1.0179074  1.08671148 1.0016143  1.00933554 1.01213161]

Iteration:  1300
Rhat values for alpha, beta, log(sigma^2), mean(xi), log(var(xi)), atanh(corr(xi, eta)):
[1.01991282 1.02067602 1.10433224 1.00158967 1.00890754 1.0086904 ]

Iteration:  1400
Rhat values for alpha, beta, log(sigma^2), mean(xi), log(var(xi)), atanh(corr(xi, eta)):
[1.01825613 1.02016703 1.12975348 1.00319403 0.99998651 1.00906917]

Iteration:  1500
Rhat values for alpha, beta, log(sigma^2), mean(xi), log(var(xi)), atanh(corr(xi, eta)):
[1.02089577 1.02018758 1.13314525 1.00183199 0.99999175 1.00953946]

Iteration:  1600
Rhat values for alpha, beta, log(sigma^2), mean(xi), log(var(xi)), atanh(corr(xi, eta)):
[1.01856466 1.01652936 1.12794572 1.00090782 0.99999685 1.00897124]

Iteration:  1700
Rhat values for alpha, beta, log(sigma^2), mean(xi), log(var(xi)), atanh(corr(xi, eta)):
[1.01739868 1.01465658 1.09688392 1.00080571 0.99999645 1.00708131]

Iteration:  1800
Rhat values for alpha, beta, log(sigma^2), mean(xi), log(var(xi)), atanh(corr(xi, eta)):
[1.02015016 1.01766721 1.06719967 1.00091153 0.99999684 1.00956122]

Iteration:  1900
Rhat values for alpha, beta, log(sigma^2), mean(xi), log(var(xi)), atanh(corr(xi, eta)):
[1.02195006 1.01962564 1.05815742 1.00123167 0.99999621 1.01194301]

Iteration:  2000
Rhat values for alpha, beta, log(sigma^2), mean(xi), log(var(xi)), atanh(corr(xi, eta)):
[1.02898008 1.02569496 1.04679738 1.00196807 0.99999508 1.01446699]

Iteration:  2100
Rhat values for alpha, beta, log(sigma^2), mean(xi), log(var(xi)), atanh(corr(xi, eta)):
[1.03146811 1.02772015 1.04266244 1.0017029  0.99999498 1.01534761]

Iteration:  2200
Rhat values for alpha, beta, log(sigma^2), mean(xi), log(var(xi)), atanh(corr(xi, eta)):
[1.02862344 1.02582753 1.04524464 1.00235004 0.99999457 1.01795098]

Iteration:  2300
Rhat values for alpha, beta, log(sigma^2), mean(xi), log(var(xi)), atanh(corr(xi, eta)):
[1.02808511 1.0235855  1.05253002 1.00132274 0.9999947  1.02182738]

Iteration:  2400
Rhat values for alpha, beta, log(sigma^2), mean(xi), log(var(xi)), atanh(corr(xi, eta)):
[1.02610195 1.02219712 1.05790611 1.00167021 0.99999453 1.02534824]

Iteration:  2500
Rhat values for alpha, beta, log(sigma^2), mean(xi), log(var(xi)), atanh(corr(xi, eta)):
[1.02211825 1.01882631 1.06269609 1.00093001 0.99996162 1.02382308]

Iteration:  2600
Rhat values for alpha, beta, log(sigma^2), mean(xi), log(var(xi)), atanh(corr(xi, eta)):
[1.01662586 1.01489768 1.072939   1.00094262 0.99996466 1.02413116]

Iteration:  2700
Rhat values for alpha, beta, log(sigma^2), mean(xi), log(var(xi)), atanh(corr(xi, eta)):
[1.01687388 1.01531091 1.0846206  1.00194948 0.99996445 1.02861942]

Iteration:  2800
Rhat values for alpha, beta, log(sigma^2), mean(xi), log(var(xi)), atanh(corr(xi, eta)):
[1.01306025 1.01211797 1.09280993 1.00270953 0.9999665  1.02944075]

Iteration:  2900
Rhat values for alpha, beta, log(sigma^2), mean(xi), log(var(xi)), atanh(corr(xi, eta)):
[1.00991768 1.00895625 1.10109776 1.00301305 0.99996806 1.02943804]

Iteration:  3000
Rhat values for alpha, beta, log(sigma^2), mean(xi), log(var(xi)), atanh(corr(xi, eta)):
[1.00898031 1.00774859 1.09740971 1.00275192 0.99996873 1.02801561]

Iteration:  3100
Rhat values for alpha, beta, log(sigma^2), mean(xi), log(var(xi)), atanh(corr(xi, eta)):
[1.01073769 1.00954775 1.08644136 1.00150141 0.99996838 1.03181517]

Iteration:  3200
Rhat values for alpha, beta, log(sigma^2), mean(xi), log(var(xi)), atanh(corr(xi, eta)):
[1.0114463  1.00968064 1.07643617 1.00089439 0.99997032 1.03008063]

Iteration:  3300
Rhat values for alpha, beta, log(sigma^2), mean(xi), log(var(xi)), atanh(corr(xi, eta)):
[1.01027321 1.00837767 1.05620521 1.00111358 0.99997401 1.02179881]

Iteration:  3400
Rhat values for alpha, beta, log(sigma^2), mean(xi), log(var(xi)), atanh(corr(xi, eta)):
[1.00892867 1.00716721 1.04935152 1.00178825 0.99997545 1.01864487]

Iteration:  3500
Rhat values for alpha, beta, log(sigma^2), mean(xi), log(var(xi)), atanh(corr(xi, eta)):
[1.00771875 1.00680203 1.04410755 1.00285224 0.99997618 1.0186111 ]

Iteration:  3600
Rhat values for alpha, beta, log(sigma^2), mean(xi), log(var(xi)), atanh(corr(xi, eta)):
[1.00825042 1.0075954  1.03703347 1.00277537 0.99997586 1.01861571]

Iteration:  3700
Rhat values for alpha, beta, log(sigma^2), mean(xi), log(var(xi)), atanh(corr(xi, eta)):
[1.00665426 1.00618211 1.03726397 1.00334098 0.99997783 1.01693309]

Iteration:  3800
Rhat values for alpha, beta, log(sigma^2), mean(xi), log(var(xi)), atanh(corr(xi, eta)):
[1.00688382 1.00627816 1.04144727 1.00328573 0.99997203 1.01720033]

Iteration:  3900
Rhat values for alpha, beta, log(sigma^2), mean(xi), log(var(xi)), atanh(corr(xi, eta)):
[1.00789362 1.00692873 1.0422392  1.00260927 0.99997304 1.01887189]

Iteration:  4000
Rhat values for alpha, beta, log(sigma^2), mean(xi), log(var(xi)), atanh(corr(xi, eta)):
[1.00711955 1.006002   1.04268451 1.00235135 0.99997157 1.01917025]

Iteration:  4100
Rhat values for alpha, beta, log(sigma^2), mean(xi), log(var(xi)), atanh(corr(xi, eta)):
[1.0050612  1.00404248 1.04673164 1.0024877  0.99998124 1.01795208]

Iteration:  4200
Rhat values for alpha, beta, log(sigma^2), mean(xi), log(var(xi)), atanh(corr(xi, eta)):
[1.00411937 1.00326122 1.04959114 1.00164781 0.99997929 1.01699036]

Iteration:  4300
Rhat values for alpha, beta, log(sigma^2), mean(xi), log(var(xi)), atanh(corr(xi, eta)):
[1.00369699 1.0028827  1.0488409  1.00181237 0.99997966 1.01645277]

Iteration:  4400
Rhat values for alpha, beta, log(sigma^2), mean(xi), log(var(xi)), atanh(corr(xi, eta)):
[1.00487914 1.00404475 1.04541338 1.00144379 0.99998019 1.01828775]

Iteration:  4500
Rhat values for alpha, beta, log(sigma^2), mean(xi), log(var(xi)), atanh(corr(xi, eta)):
[1.00522112 1.00438433 1.04368608 1.00180646 0.9999773  1.0191584 ]

Iteration:  4600
Rhat values for alpha, beta, log(sigma^2), mean(xi), log(var(xi)), atanh(corr(xi, eta)):
[1.0068409  1.00570079 1.04392206 1.00212088 0.99997596 1.02129762]

Iteration:  4700
Rhat values for alpha, beta, log(sigma^2), mean(xi), log(var(xi)), atanh(corr(xi, eta)):
[1.00723466 1.00637443 1.04753997 1.00208557 0.99997687 1.02383362]

Iteration:  4800
Rhat values for alpha, beta, log(sigma^2), mean(xi), log(var(xi)), atanh(corr(xi, eta)):
[1.00794316 1.00716696 1.04854069 1.00208852 0.99997817 1.02737148]

Iteration:  4900
Rhat values for alpha, beta, log(sigma^2), mean(xi), log(var(xi)), atanh(corr(xi, eta)):
[1.00951755 1.0086669  1.05230968 1.00148955 0.99997853 1.03270004]

Iteration:  5000
Rhat values for alpha, beta, log(sigma^2), mean(xi), log(var(xi)), atanh(corr(xi, eta)):
[1.01002883 1.00927767 1.05655365 1.00110317 0.99997841 1.03532402]

Iteration:  5100
Rhat values for alpha, beta, log(sigma^2), mean(xi), log(var(xi)), atanh(corr(xi, eta)):
[1.01101675 1.01039043 1.06057563 1.00106209 0.99997761 1.03748634]

Iteration:  5200
Rhat values for alpha, beta, log(sigma^2), mean(xi), log(var(xi)), atanh(corr(xi, eta)):
[1.011448   1.01119266 1.06423953 1.00087181 0.9999797  1.03956825]

Iteration:  5300
Rhat values for alpha, beta, log(sigma^2), mean(xi), log(var(xi)), atanh(corr(xi, eta)):
[1.01104875 1.01088122 1.06541666 1.00059723 0.99997966 1.03965981]

Iteration:  5400
Rhat values for alpha, beta, log(sigma^2), mean(xi), log(var(xi)), atanh(corr(xi, eta)):
[1.01276027 1.01263866 1.06090073 1.00055899 0.99998032 1.04178412]

Iteration:  5500
Rhat values for alpha, beta, log(sigma^2), mean(xi), log(var(xi)), atanh(corr(xi, eta)):
[1.01550162 1.01537865 1.06081174 1.00057282 0.99997981 1.04598917]

Iteration:  5600
Rhat values for alpha, beta, log(sigma^2), mean(xi), log(var(xi)), atanh(corr(xi, eta)):
[1.01871215 1.01844542 1.06318686 1.00049358 0.9999795  1.05211979]

Iteration:  5700
Rhat values for alpha, beta, log(sigma^2), mean(xi), log(var(xi)), atanh(corr(xi, eta)):
[1.0215032  1.02102071 1.06566436 1.000505   0.99998002 1.05846272]

Iteration:  5800
Rhat values for alpha, beta, log(sigma^2), mean(xi), log(var(xi)), atanh(corr(xi, eta)):
[1.02169087 1.02119644 1.06513434 1.00083143 0.9999781  1.06048156]

Iteration:  5900
Rhat values for alpha, beta, log(sigma^2), mean(xi), log(var(xi)), atanh(corr(xi, eta)):
[1.01912625 1.01852028 1.06514629 1.00116168 0.99997677 1.05908434]

Iteration:  6000
Rhat values for alpha, beta, log(sigma^2), mean(xi), log(var(xi)), atanh(corr(xi, eta)):
[1.0185237  1.01790315 1.06636385 1.00118018 0.99997598 1.05932346]

Iteration:  6100
Rhat values for alpha, beta, log(sigma^2), mean(xi), log(var(xi)), atanh(corr(xi, eta)):
[1.01917226 1.01870545 1.06579937 1.00101666 0.99997712 1.0595966 ]

Iteration:  6200
Rhat values for alpha, beta, log(sigma^2), mean(xi), log(var(xi)), atanh(corr(xi, eta)):
[1.01897766 1.01851476 1.06604999 1.00086064 0.99997685 1.05906936]

Iteration:  6300
Rhat values for alpha, beta, log(sigma^2), mean(xi), log(var(xi)), atanh(corr(xi, eta)):
[1.01872965 1.01758045 1.06344461 1.00086181 0.99997734 1.05556699]

Iteration:  6400
Rhat values for alpha, beta, log(sigma^2), mean(xi), log(var(xi)), atanh(corr(xi, eta)):
[1.01710913 1.01613005 1.05671135 1.00094302 0.99997683 1.04958645]

Iteration:  6500
Rhat values for alpha, beta, log(sigma^2), mean(xi), log(var(xi)), atanh(corr(xi, eta)):
[1.01395735 1.0134705  1.05290986 1.00065544 0.99997682 1.04281707]

Iteration:  6600
Rhat values for alpha, beta, log(sigma^2), mean(xi), log(var(xi)), atanh(corr(xi, eta)):
[1.01249972 1.01225681 1.0524499  1.00083374 0.9999764  1.04047441]

Iteration:  6700
Rhat values for alpha, beta, log(sigma^2), mean(xi), log(var(xi)), atanh(corr(xi, eta)):
[1.01228454 1.01186442 1.05566046 1.0008257  0.99997679 1.04097891]

Iteration:  6800
Rhat values for alpha, beta, log(sigma^2), mean(xi), log(var(xi)), atanh(corr(xi, eta)):
[1.01077166 1.01047878 1.06057422 1.00078697 0.999978   1.04080995]

Iteration:  6900
Rhat values for alpha, beta, log(sigma^2), mean(xi), log(var(xi)), atanh(corr(xi, eta)):
[1.01086604 1.01042392 1.06178504 1.00087308 0.99995194 1.04043574]

Iteration:  7000
Rhat values for alpha, beta, log(sigma^2), mean(xi), log(var(xi)), atanh(corr(xi, eta)):
[1.01019413 1.00973079 1.0650454  1.0011152  0.99995279 1.0402484 ]

Iteration:  7100
Rhat values for alpha, beta, log(sigma^2), mean(xi), log(var(xi)), atanh(corr(xi, eta)):
[1.00920552 1.00866379 1.06956431 1.00146101 0.999953   1.04020522]

Iteration:  7200
Rhat values for alpha, beta, log(sigma^2), mean(xi), log(var(xi)), atanh(corr(xi, eta)):
[1.00948949 1.0087401  1.07410883 1.00157448 0.99995438 1.04211712]

Iteration:  7300
Rhat values for alpha, beta, log(sigma^2), mean(xi), log(var(xi)), atanh(corr(xi, eta)):
[1.00998889 1.00903432 1.07518022 1.00138829 0.99995556 1.04249367]

Iteration:  7400
Rhat values for alpha, beta, log(sigma^2), mean(xi), log(var(xi)), atanh(corr(xi, eta)):
[1.00983063 1.00900835 1.07545206 1.00138107 0.99995601 1.04196458]

Iteration:  7500
Rhat values for alpha, beta, log(sigma^2), mean(xi), log(var(xi)), atanh(corr(xi, eta)):
[1.00949696 1.0087039  1.07678381 1.00142001 0.99995592 1.04130053]

Iteration:  7600
Rhat values for alpha, beta, log(sigma^2), mean(xi), log(var(xi)), atanh(corr(xi, eta)):
[1.0092148  1.0085372  1.07708392 1.00100715 0.99995776 1.03982988]

Iteration:  7700
Rhat values for alpha, beta, log(sigma^2), mean(xi), log(var(xi)), atanh(corr(xi, eta)):
[1.00789198 1.00714712 1.07770272 1.00102658 0.99995807 1.03623331]

Iteration:  7800
Rhat values for alpha, beta, log(sigma^2), mean(xi), log(var(xi)), atanh(corr(xi, eta)):
[1.00739317 1.00662195 1.07581154 1.00095943 0.99995907 1.03394264]

Iteration:  7900
Rhat values for alpha, beta, log(sigma^2), mean(xi), log(var(xi)), atanh(corr(xi, eta)):
[1.0086616  1.00778579 1.07247194 1.00087727 0.99995926 1.03443568]

Iteration:  8000
Rhat values for alpha, beta, log(sigma^2), mean(xi), log(var(xi)), atanh(corr(xi, eta)):
[1.00949765 1.00853651 1.07079118 1.00106416 0.99995907 1.0343618 ]

Iteration:  8100
Rhat values for alpha, beta, log(sigma^2), mean(xi), log(var(xi)), atanh(corr(xi, eta)):
[1.00957337 1.00845816 1.0650285  1.00116062 0.99995997 1.03264099]

Iteration:  8200
Rhat values for alpha, beta, log(sigma^2), mean(xi), log(var(xi)), atanh(corr(xi, eta)):
[1.00917034 1.00814594 1.06510739 1.00096176 0.99996053 1.0333538 ]

Iteration:  8300
Rhat values for alpha, beta, log(sigma^2), mean(xi), log(var(xi)), atanh(corr(xi, eta)):
[1.00878611 1.00793426 1.06618833 1.00071264 0.99996124 1.03466763]

Iteration:  8400
Rhat values for alpha, beta, log(sigma^2), mean(xi), log(var(xi)), atanh(corr(xi, eta)):
[1.00758958 1.00703856 1.06545598 1.00047353 0.99996172 1.03404157]

Iteration:  8500
Rhat values for alpha, beta, log(sigma^2), mean(xi), log(var(xi)), atanh(corr(xi, eta)):
[1.00605774 1.00566893 1.06678168 1.0006095  0.99996228 1.03329425]

Iteration:  8600
Rhat values for alpha, beta, log(sigma^2), mean(xi), log(var(xi)), atanh(corr(xi, eta)):
[1.00579735 1.00546822 1.06570469 1.0005303  0.99996287 1.03324815]

Iteration:  8700
Rhat values for alpha, beta, log(sigma^2), mean(xi), log(var(xi)), atanh(corr(xi, eta)):
[1.00541575 1.00527508 1.0677183  1.00045547 0.99996441 1.03263653]

Iteration:  8800
Rhat values for alpha, beta, log(sigma^2), mean(xi), log(var(xi)), atanh(corr(xi, eta)):
[1.00503065 1.00488217 1.07110526 1.0004459  0.99996522 1.03232388]

Iteration:  8900
Rhat values for alpha, beta, log(sigma^2), mean(xi), log(var(xi)), atanh(corr(xi, eta)):
[1.00509949 1.00496081 1.07379931 1.0004298  0.99996463 1.03296447]

Iteration:  9000
Rhat values for alpha, beta, log(sigma^2), mean(xi), log(var(xi)), atanh(corr(xi, eta)):
[1.00487599 1.00485498 1.07522844 1.00035179 0.99996482 1.03341322]

Iteration:  9100
Rhat values for alpha, beta, log(sigma^2), mean(xi), log(var(xi)), atanh(corr(xi, eta)):
[1.00518353 1.00519321 1.07570054 1.00031315 0.9999646  1.03375224]

Iteration:  9200
Rhat values for alpha, beta, log(sigma^2), mean(xi), log(var(xi)), atanh(corr(xi, eta)):
[1.00490968 1.0051332  1.07599165 1.00034522 0.99995484 1.03375476]

Iteration:  9300
Rhat values for alpha, beta, log(sigma^2), mean(xi), log(var(xi)), atanh(corr(xi, eta)):
[1.00476595 1.00507495 1.07532814 1.00033655 0.9999608  1.03340747]

Iteration:  9400
Rhat values for alpha, beta, log(sigma^2), mean(xi), log(var(xi)), atanh(corr(xi, eta)):
[1.00455728 1.0047601  1.0731827  1.00036645 0.99996125 1.03247901]

Iteration:  9500
Rhat values for alpha, beta, log(sigma^2), mean(xi), log(var(xi)), atanh(corr(xi, eta)):
[1.00389769 1.0040279  1.07213493 1.0003438  0.99996221 1.02964613]

Iteration:  9600
Rhat values for alpha, beta, log(sigma^2), mean(xi), log(var(xi)), atanh(corr(xi, eta)):
[1.00405837 1.00426515 1.07049798 1.00031931 0.99996263 1.03002094]

Iteration:  9700
Rhat values for alpha, beta, log(sigma^2), mean(xi), log(var(xi)), atanh(corr(xi, eta)):
[1.00424696 1.00447079 1.06747378 1.00028995 0.99996297 1.02990925]

Iteration:  9800
Rhat values for alpha, beta, log(sigma^2), mean(xi), log(var(xi)), atanh(corr(xi, eta)):
[1.00392652 1.00431955 1.06475721 1.00039521 0.99996281 1.02874654]

Iteration:  9900
Rhat values for alpha, beta, log(sigma^2), mean(xi), log(var(xi)), atanh(corr(xi, eta)):
[1.00338999 1.00379015 1.06251087 1.00031295 0.99996338 1.02707547]

Iteration:  10000
Rhat values for alpha, beta, log(sigma^2), mean(xi), log(var(xi)), atanh(corr(xi, eta)):
[1.00405488 1.00453395 1.06045458 1.00023215 0.99996417 1.02775419]

Iteration:  10100
Rhat values for alpha, beta, log(sigma^2), mean(xi), log(var(xi)), atanh(corr(xi, eta)):
[1.00397687 1.00445555 1.05948668 1.0002317  0.99996458 1.02715496]

Iteration:  10200
Rhat values for alpha, beta, log(sigma^2), mean(xi), log(var(xi)), atanh(corr(xi, eta)):
[1.00356937 1.00406134 1.05972179 1.00023454 0.99996427 1.02593479]

Iteration:  10300
Rhat values for alpha, beta, log(sigma^2), mean(xi), log(var(xi)), atanh(corr(xi, eta)):
[1.00380054 1.0043954  1.05825233 1.0002279  0.9999641  1.02547165]

Iteration:  10400
Rhat values for alpha, beta, log(sigma^2), mean(xi), log(var(xi)), atanh(corr(xi, eta)):
[1.00437065 1.00504019 1.05531229 1.00023231 0.99996438 1.02563676]

Iteration:  10500
Rhat values for alpha, beta, log(sigma^2), mean(xi), log(var(xi)), atanh(corr(xi, eta)):
[1.00404862 1.00476736 1.05397575 1.00030166 0.99996503 1.02481835]

Iteration:  10600
Rhat values for alpha, beta, log(sigma^2), mean(xi), log(var(xi)), atanh(corr(xi, eta)):
[1.00366381 1.00439468 1.05353925 1.00041388 0.9999649  1.02401506]

Iteration:  10700
Rhat values for alpha, beta, log(sigma^2), mean(xi), log(var(xi)), atanh(corr(xi, eta)):
[1.00336035 1.00408903 1.05315145 1.00039617 0.99996516 1.02330952]

Iteration:  10800
Rhat values for alpha, beta, log(sigma^2), mean(xi), log(var(xi)), atanh(corr(xi, eta)):
[1.00306075 1.00381153 1.05139943 1.00042455 0.9999662  1.02237129]

Iteration:  10900
Rhat values for alpha, beta, log(sigma^2), mean(xi), log(var(xi)), atanh(corr(xi, eta)):
[1.00309879 1.00394381 1.04955782 1.00045124 0.99996658 1.02201735]

Iteration:  11000
Rhat values for alpha, beta, log(sigma^2), mean(xi), log(var(xi)), atanh(corr(xi, eta)):
[1.00314857 1.00402135 1.04679864 1.00037896 0.9999668  1.02137541]

Iteration:  11100
Rhat values for alpha, beta, log(sigma^2), mean(xi), log(var(xi)), atanh(corr(xi, eta)):
[1.00283235 1.00370324 1.04502403 1.00036581 0.99996665 1.02056693]

Iteration:  11200
Rhat values for alpha, beta, log(sigma^2), mean(xi), log(var(xi)), atanh(corr(xi, eta)):
[1.00256764 1.0035144  1.04360954 1.00038145 0.9999667  1.01968199]

Iteration:  11300
Rhat values for alpha, beta, log(sigma^2), mean(xi), log(var(xi)), atanh(corr(xi, eta)):
[1.00239375 1.00329886 1.04292476 1.00035508 0.99996633 1.01935126]

Iteration:  11400
Rhat values for alpha, beta, log(sigma^2), mean(xi), log(var(xi)), atanh(corr(xi, eta)):
[1.00197775 1.00271232 1.04325765 1.00020059 0.99996703 1.01851187]

Iteration:  11500
Rhat values for alpha, beta, log(sigma^2), mean(xi), log(var(xi)), atanh(corr(xi, eta)):
[1.00159046 1.00229621 1.04142205 1.00017205 0.99996709 1.0173465 ]

Iteration:  11600
Rhat values for alpha, beta, log(sigma^2), mean(xi), log(var(xi)), atanh(corr(xi, eta)):
[1.00166557 1.00238055 1.03863065 1.00022674 0.99996736 1.01696539]

Iteration:  11700
Rhat values for alpha, beta, log(sigma^2), mean(xi), log(var(xi)), atanh(corr(xi, eta)):
[1.00164752 1.00234596 1.03531544 1.00021681 0.9999675  1.01628926]

Iteration:  11800
Rhat values for alpha, beta, log(sigma^2), mean(xi), log(var(xi)), atanh(corr(xi, eta)):
[1.00161465 1.00231661 1.03201763 1.00021288 0.99996726 1.01549476]

Iteration:  11900
Rhat values for alpha, beta, log(sigma^2), mean(xi), log(var(xi)), atanh(corr(xi, eta)):
[1.00200705 1.00277973 1.03043182 1.00021367 0.99996627 1.01626108]

Iteration:  12000
Rhat values for alpha, beta, log(sigma^2), mean(xi), log(var(xi)), atanh(corr(xi, eta)):
[1.00215751 1.00292622 1.02934803 1.00020911 0.99996661 1.01635467]

Iteration:  12100
Rhat values for alpha, beta, log(sigma^2), mean(xi), log(var(xi)), atanh(corr(xi, eta)):
[1.00213276 1.00278752 1.02760095 1.00021677 0.99996725 1.01552835]

Iteration:  12200
Rhat values for alpha, beta, log(sigma^2), mean(xi), log(var(xi)), atanh(corr(xi, eta)):
[1.001957   1.0025461  1.02638295 1.0001148  0.99996907 1.0142629 ]

Iteration:  12300
Rhat values for alpha, beta, log(sigma^2), mean(xi), log(var(xi)), atanh(corr(xi, eta)):
[1.00168736 1.00229829 1.02614461 1.00012155 0.99996952 1.01330536]

Iteration:  12400
Rhat values for alpha, beta, log(sigma^2), mean(xi), log(var(xi)), atanh(corr(xi, eta)):
[1.00184011 1.00252014 1.02551886 1.00012447 0.99996966 1.01328964]

Iteration:  12500
Rhat values for alpha, beta, log(sigma^2), mean(xi), log(var(xi)), atanh(corr(xi, eta)):
[1.00137852 1.00195331 1.02401553 1.00014761 0.99996993 1.01185796]

Iteration:  12600
Rhat values for alpha, beta, log(sigma^2), mean(xi), log(var(xi)), atanh(corr(xi, eta)):
[1.00108015 1.00153531 1.02338357 1.00012394 0.99997063 1.01143453]

Iteration:  12700
Rhat values for alpha, beta, log(sigma^2), mean(xi), log(var(xi)), atanh(corr(xi, eta)):
[1.00125364 1.00167057 1.02323957 1.00014264 0.9999706  1.01166881]

Iteration:  12800
Rhat values for alpha, beta, log(sigma^2), mean(xi), log(var(xi)), atanh(corr(xi, eta)):
[1.00127886 1.00171993 1.02239114 1.00015677 0.99997014 1.01149345]

Iteration:  12900
Rhat values for alpha, beta, log(sigma^2), mean(xi), log(var(xi)), atanh(corr(xi, eta)):
[1.0012115  1.00162185 1.02256931 1.00015469 0.99997069 1.01150698]

Iteration:  13000
Rhat values for alpha, beta, log(sigma^2), mean(xi), log(var(xi)), atanh(corr(xi, eta)):
[1.00141025 1.00181961 1.02275381 1.00012462 0.99997135 1.01180629]

Iteration:  13100
Rhat values for alpha, beta, log(sigma^2), mean(xi), log(var(xi)), atanh(corr(xi, eta)):
[1.00134784 1.0017246  1.02329532 1.00012329 0.99997184 1.01188868]

Iteration:  13200
Rhat values for alpha, beta, log(sigma^2), mean(xi), log(var(xi)), atanh(corr(xi, eta)):
[1.00125083 1.00161609 1.02366324 1.00019224 0.99997197 1.01170707]

Iteration:  13300
Rhat values for alpha, beta, log(sigma^2), mean(xi), log(var(xi)), atanh(corr(xi, eta)):
[1.00116074 1.00144324 1.02379813 1.00024911 0.99997175 1.01172536]

Iteration:  13400
Rhat values for alpha, beta, log(sigma^2), mean(xi), log(var(xi)), atanh(corr(xi, eta)):
[1.00134828 1.0016463  1.02404502 1.00024918 0.99997233 1.01217884]

Iteration:  13500
Rhat values for alpha, beta, log(sigma^2), mean(xi), log(var(xi)), atanh(corr(xi, eta)):
[1.00166107 1.00198224 1.0250913  1.00028601 0.99997306 1.013268  ]

Iteration:  13600
Rhat values for alpha, beta, log(sigma^2), mean(xi), log(var(xi)), atanh(corr(xi, eta)):
[1.00201463 1.00234431 1.02563004 1.0001849  0.99997326 1.01416362]

Iteration:  13700
Rhat values for alpha, beta, log(sigma^2), mean(xi), log(var(xi)), atanh(corr(xi, eta)):
[1.0021442  1.0024525  1.02566407 1.0002024  0.99997378 1.01459006]

Iteration:  13800
Rhat values for alpha, beta, log(sigma^2), mean(xi), log(var(xi)), atanh(corr(xi, eta)):
[1.00228692 1.00256809 1.0260933  1.0002172  0.99997376 1.01486064]

Iteration:  13900
Rhat values for alpha, beta, log(sigma^2), mean(xi), log(var(xi)), atanh(corr(xi, eta)):
[1.00238232 1.0027227  1.02645344 1.00019481 0.9999734  1.01515454]

Iteration:  14000
Rhat values for alpha, beta, log(sigma^2), mean(xi), log(var(xi)), atanh(corr(xi, eta)):
[1.00227425 1.00267796 1.02763307 1.00018056 0.99997304 1.01548002]

Iteration:  14100
Rhat values for alpha, beta, log(sigma^2), mean(xi), log(var(xi)), atanh(corr(xi, eta)):
[1.00243298 1.00281488 1.0287993  1.00018788 0.99997297 1.0160099 ]

Iteration:  14200
Rhat values for alpha, beta, log(sigma^2), mean(xi), log(var(xi)), atanh(corr(xi, eta)):
[1.00262126 1.00300797 1.02847984 1.00025989 0.99997308 1.01626739]

Iteration:  14300
Rhat values for alpha, beta, log(sigma^2), mean(xi), log(var(xi)), atanh(corr(xi, eta)):
[1.00269692 1.00304724 1.02963129 1.00026132 0.99997325 1.01677982]

Iteration:  14400
Rhat values for alpha, beta, log(sigma^2), mean(xi), log(var(xi)), atanh(corr(xi, eta)):
[1.00279428 1.00315281 1.03028769 1.00022507 0.99997303 1.01718818]

Iteration:  14500
Rhat values for alpha, beta, log(sigma^2), mean(xi), log(var(xi)), atanh(corr(xi, eta)):
[1.00226498 1.00256515 1.03002747 1.00026582 0.99997324 1.01627058]

Iteration:  14600
Rhat values for alpha, beta, log(sigma^2), mean(xi), log(var(xi)), atanh(corr(xi, eta)):
[1.00208905 1.00243915 1.02950147 1.0002096  0.99997358 1.01592365]

Iteration:  14700
Rhat values for alpha, beta, log(sigma^2), mean(xi), log(var(xi)), atanh(corr(xi, eta)):
[1.00192657 1.00224771 1.02947726 1.00018148 0.99997409 1.0155345 ]

Iteration:  14800
Rhat values for alpha, beta, log(sigma^2), mean(xi), log(var(xi)), atanh(corr(xi, eta)):
[1.00200179 1.00231479 1.02911245 1.00016804 0.99997392 1.01555958]

Iteration:  14900
Rhat values for alpha, beta, log(sigma^2), mean(xi), log(var(xi)), atanh(corr(xi, eta)):
[1.00206647 1.00244891 1.02940799 1.00016917 0.99997415 1.01568052]

Iteration:  15000
Rhat values for alpha, beta, log(sigma^2), mean(xi), log(var(xi)), atanh(corr(xi, eta)):
[1.00253934 1.00303009 1.03042375 1.00017549 0.99997411 1.01673518]

Iteration:  15100
Rhat values for alpha, beta, log(sigma^2), mean(xi), log(var(xi)), atanh(corr(xi, eta)):
[1.00297118 1.00360936 1.03177206 1.00013682 0.9999743  1.01824758]

Iteration:  15200
Rhat values for alpha, beta, log(sigma^2), mean(xi), log(var(xi)), atanh(corr(xi, eta)):
[1.00287353 1.00365716 1.03179534 1.00008865 0.99997435 1.01832812]

Iteration:  15300
Rhat values for alpha, beta, log(sigma^2), mean(xi), log(var(xi)), atanh(corr(xi, eta)):
[1.00270477 1.00342629 1.03102261 1.00005007 0.99997455 1.01783735]

Iteration:  15400
Rhat values for alpha, beta, log(sigma^2), mean(xi), log(var(xi)), atanh(corr(xi, eta)):
[1.00268897 1.00336088 1.03109581 1.00003197 0.99997505 1.01761982]

Iteration:  15500
Rhat values for alpha, beta, log(sigma^2), mean(xi), log(var(xi)), atanh(corr(xi, eta)):
[1.00271454 1.00342593 1.0312484  1.00002314 0.999975   1.01764272]

Iteration:  15600
Rhat values for alpha, beta, log(sigma^2), mean(xi), log(var(xi)), atanh(corr(xi, eta)):
[1.00245316 1.00316732 1.03165202 1.00000991 0.99997534 1.01729761]

Iteration:  15700
Rhat values for alpha, beta, log(sigma^2), mean(xi), log(var(xi)), atanh(corr(xi, eta)):
[1.00249387 1.00316786 1.03177683 1.00001593 0.99997587 1.01723652]

Iteration:  15800
Rhat values for alpha, beta, log(sigma^2), mean(xi), log(var(xi)), atanh(corr(xi, eta)):
[1.00243774 1.00314335 1.03226345 1.00000509 0.999976   1.01746133]

Iteration:  15900
Rhat values for alpha, beta, log(sigma^2), mean(xi), log(var(xi)), atanh(corr(xi, eta)):
[1.00239069 1.00309092 1.03240046 1.00002785 0.99997643 1.01727373]

Iteration:  16000
Rhat values for alpha, beta, log(sigma^2), mean(xi), log(var(xi)), atanh(corr(xi, eta)):
[1.00217256 1.00285682 1.03195926 1.00005467 0.99997664 1.01694702]

Iteration:  16100
Rhat values for alpha, beta, log(sigma^2), mean(xi), log(var(xi)), atanh(corr(xi, eta)):
[1.00221293 1.00295396 1.03173178 1.00007273 0.99997632 1.01716868]

Iteration:  16200
Rhat values for alpha, beta, log(sigma^2), mean(xi), log(var(xi)), atanh(corr(xi, eta)):
[1.00261326 1.00341064 1.03094021 1.00007216 0.99997648 1.01808101]

Iteration:  16300
Rhat values for alpha, beta, log(sigma^2), mean(xi), log(var(xi)), atanh(corr(xi, eta)):
[1.00275681 1.00362044 1.03082773 1.00007878 0.99997648 1.01820596]

Iteration:  16400
Rhat values for alpha, beta, log(sigma^2), mean(xi), log(var(xi)), atanh(corr(xi, eta)):
[1.00275931 1.00365093 1.03176378 1.00007905 0.99997375 1.01819517]

Iteration:  16500
Rhat values for alpha, beta, log(sigma^2), mean(xi), log(var(xi)), atanh(corr(xi, eta)):
[1.00255401 1.00344452 1.03323025 1.0000792  0.99997351 1.01734014]

Iteration:  16600
Rhat values for alpha, beta, log(sigma^2), mean(xi), log(var(xi)), atanh(corr(xi, eta)):
[1.00236521 1.00324332 1.0332381  1.00009759 0.99997349 1.01650518]

Iteration:  16700
Rhat values for alpha, beta, log(sigma^2), mean(xi), log(var(xi)), atanh(corr(xi, eta)):
[1.00239858 1.0032928  1.03364691 1.00006555 0.99997337 1.01603647]

Iteration:  16800
Rhat values for alpha, beta, log(sigma^2), mean(xi), log(var(xi)), atanh(corr(xi, eta)):
[1.00255374 1.00351171 1.03397856 1.00009354 0.99997342 1.01599079]

Iteration:  16900
Rhat values for alpha, beta, log(sigma^2), mean(xi), log(var(xi)), atanh(corr(xi, eta)):
[1.00254135 1.00353436 1.03454148 1.00011725 0.99997261 1.01624086]

Iteration:  17000
Rhat values for alpha, beta, log(sigma^2), mean(xi), log(var(xi)), atanh(corr(xi, eta)):
[1.00265551 1.00367835 1.03502713 1.00015761 0.99997132 1.0167185 ]

Iteration:  17100
Rhat values for alpha, beta, log(sigma^2), mean(xi), log(var(xi)), atanh(corr(xi, eta)):
[1.00272262 1.00374303 1.03669346 1.00015868 0.99997157 1.01742966]

Iteration:  17200
Rhat values for alpha, beta, log(sigma^2), mean(xi), log(var(xi)), atanh(corr(xi, eta)):
[1.00276208 1.00378908 1.03701778 1.00013532 0.99997197 1.01794976]

Iteration:  17300
Rhat values for alpha, beta, log(sigma^2), mean(xi), log(var(xi)), atanh(corr(xi, eta)):
[1.00279247 1.00382525 1.03575489 1.00017179 0.99997204 1.01787853]

Iteration:  17400
Rhat values for alpha, beta, log(sigma^2), mean(xi), log(var(xi)), atanh(corr(xi, eta)):
[1.00286837 1.003875   1.03491263 1.0001469  0.99997239 1.01790731]

Iteration:  17500
Rhat values for alpha, beta, log(sigma^2), mean(xi), log(var(xi)), atanh(corr(xi, eta)):
[1.00297581 1.00400756 1.03428966 1.0000876  0.99997263 1.0179428 ]

Iteration:  17600
Rhat values for alpha, beta, log(sigma^2), mean(xi), log(var(xi)), atanh(corr(xi, eta)):
[1.00319028 1.00430573 1.033556   1.0000849  0.99997327 1.01820639]

Iteration:  17700
Rhat values for alpha, beta, log(sigma^2), mean(xi), log(var(xi)), atanh(corr(xi, eta)):
[1.00307547 1.00411686 1.03339566 1.00011834 0.99997326 1.01801373]

Iteration:  17800
Rhat values for alpha, beta, log(sigma^2), mean(xi), log(var(xi)), atanh(corr(xi, eta)):
[1.00293928 1.00393528 1.03342479 1.00010473 0.99997345 1.01778924]

Iteration:  17900
Rhat values for alpha, beta, log(sigma^2), mean(xi), log(var(xi)), atanh(corr(xi, eta)):
[1.00263892 1.0036052  1.03203838 1.00012035 0.9999737  1.01700076]

Iteration:  18000
Rhat values for alpha, beta, log(sigma^2), mean(xi), log(var(xi)), atanh(corr(xi, eta)):
[1.00257626 1.0034747  1.03065399 1.00010085 0.99997363 1.01636415]

Iteration:  18100
Rhat values for alpha, beta, log(sigma^2), mean(xi), log(var(xi)), atanh(corr(xi, eta)):
[1.00253318 1.00343231 1.03009169 1.00007592 0.99997372 1.01608966]

Iteration:  18200
Rhat values for alpha, beta, log(sigma^2), mean(xi), log(var(xi)), atanh(corr(xi, eta)):
[1.00244706 1.00335549 1.03034894 1.00009493 0.9999736  1.01596347]

Iteration:  18300
Rhat values for alpha, beta, log(sigma^2), mean(xi), log(var(xi)), atanh(corr(xi, eta)):
[1.00228159 1.00313623 1.03059071 1.00009845 0.99997377 1.01577759]

Iteration:  18400
Rhat values for alpha, beta, log(sigma^2), mean(xi), log(var(xi)), atanh(corr(xi, eta)):
[1.00193717 1.00266104 1.03049895 1.0001133  0.999974   1.01481351]

Iteration:  18500
Rhat values for alpha, beta, log(sigma^2), mean(xi), log(var(xi)), atanh(corr(xi, eta)):
[1.00161489 1.002293   1.03028593 1.00009232 0.99997402 1.01368061]

Iteration:  18600
Rhat values for alpha, beta, log(sigma^2), mean(xi), log(var(xi)), atanh(corr(xi, eta)):
[1.00149266 1.0021282  1.02942368 1.00009064 0.99997429 1.01282894]

Iteration:  18700
Rhat values for alpha, beta, log(sigma^2), mean(xi), log(var(xi)), atanh(corr(xi, eta)):
[1.0014601  1.00205205 1.02927305 1.00009915 0.99997478 1.01252098]

Iteration:  18800
Rhat values for alpha, beta, log(sigma^2), mean(xi), log(var(xi)), atanh(corr(xi, eta)):
[1.00135654 1.00188737 1.02919484 1.00012318 0.99997487 1.01216605]

Iteration:  18900
Rhat values for alpha, beta, log(sigma^2), mean(xi), log(var(xi)), atanh(corr(xi, eta)):
[1.00146187 1.00198729 1.0284829  1.00010789 0.99997513 1.01212559]

Iteration:  19000
Rhat values for alpha, beta, log(sigma^2), mean(xi), log(var(xi)), atanh(corr(xi, eta)):
[1.00152425 1.00205143 1.02814762 1.00012143 0.99997558 1.01214562]

Iteration:  19100
Rhat values for alpha, beta, log(sigma^2), mean(xi), log(var(xi)), atanh(corr(xi, eta)):
[1.0015947  1.00210541 1.02763626 1.00012807 0.99997573 1.01204034]

Iteration:  19200
Rhat values for alpha, beta, log(sigma^2), mean(xi), log(var(xi)), atanh(corr(xi, eta)):
[1.00134523 1.00182051 1.02703434 1.00018903 0.99997571 1.01134517]

Iteration:  19300
Rhat values for alpha, beta, log(sigma^2), mean(xi), log(var(xi)), atanh(corr(xi, eta)):
[1.00126511 1.00165461 1.02576249 1.00024771 0.99997564 1.01074238]

Iteration:  19400
Rhat values for alpha, beta, log(sigma^2), mean(xi), log(var(xi)), atanh(corr(xi, eta)):
[1.00122071 1.00157174 1.02504546 1.00021701 0.99997551 1.01036722]

Iteration:  19500
Rhat values for alpha, beta, log(sigma^2), mean(xi), log(var(xi)), atanh(corr(xi, eta)):
[1.00134917 1.00170237 1.02429432 1.0002156  0.99997571 1.01031641]

Iteration:  19600
Rhat values for alpha, beta, log(sigma^2), mean(xi), log(var(xi)), atanh(corr(xi, eta)):
[1.00150683 1.00184989 1.02435121 1.00021198 0.99997607 1.01061911]

Iteration:  19700
Rhat values for alpha, beta, log(sigma^2), mean(xi), log(var(xi)), atanh(corr(xi, eta)):
[1.00174142 1.00211933 1.02457736 1.00017702 0.99997624 1.01140545]

Iteration:  19800
Rhat values for alpha, beta, log(sigma^2), mean(xi), log(var(xi)), atanh(corr(xi, eta)):
[1.00191973 1.00229505 1.02462447 1.00018005 0.99997723 1.0117175 ]

Iteration:  19900
Rhat values for alpha, beta, log(sigma^2), mean(xi), log(var(xi)), atanh(corr(xi, eta)):
[1.00206444 1.00249892 1.0245203  1.00018133 0.99997726 1.01213464]

Iteration:  20000
Rhat values for alpha, beta, log(sigma^2), mean(xi), log(var(xi)), atanh(corr(xi, eta)):
[1.00213607 1.0025518  1.02401752 1.00015771 0.99997721 1.01205701]
{"name": "G11_first_lowz_revision_covdiag", "n": 196, "changed_rows": 12, "mean_delta_all": 0.004892817919759138, "mean": -0.008881528786404308, "sd": 0.01100427244272343, "q025_975": [-0.03133771616224998, 0.012082561219993338], "p_negative": 0.790825, "seed": 20260970, "retained_draws": 40000, "split_rhat": {"alpha": 1.0256843314742894, "beta": 1.0273065618717694, "sigsqr": 1.0151776515981659}, "fullcov_gls_slope": -0.005597564694610341, "fullcov_gls_se": 0.004560687348266252, "limitation": "Original covariance retained; LINMIX uses diagonal, GLS full covariance treats measured age fixed"}

Iteration:  100
Rhat values for alpha, beta, log(sigma^2), mean(xi), log(var(xi)), atanh(corr(xi, eta)):
[1.53073924 1.43998847 1.71618534 1.04485087 1.07573092 1.48646028]

Iteration:  200
Rhat values for alpha, beta, log(sigma^2), mean(xi), log(var(xi)), atanh(corr(xi, eta)):
[1.32125641 1.29428915 1.39271194 1.03374339 1.00587451 1.34185024]

Iteration:  300
Rhat values for alpha, beta, log(sigma^2), mean(xi), log(var(xi)), atanh(corr(xi, eta)):
[1.21935413 1.19165617 1.16007719 1.02516987 1.00556199 1.20201858]

Iteration:  400
Rhat values for alpha, beta, log(sigma^2), mean(xi), log(var(xi)), atanh(corr(xi, eta)):
[1.15222135 1.15175483 1.06649032 1.0032242  1.00174671 1.1489308 ]

Iteration:  500
Rhat values for alpha, beta, log(sigma^2), mean(xi), log(var(xi)), atanh(corr(xi, eta)):
[1.05273916 1.05452011 1.06001706 1.00554906 0.99922339 1.05424029]

Iteration:  600
Rhat values for alpha, beta, log(sigma^2), mean(xi), log(var(xi)), atanh(corr(xi, eta)):
[1.06556797 1.06749864 1.06064357 1.00580621 0.99868132 1.06578987]

Iteration:  700
Rhat values for alpha, beta, log(sigma^2), mean(xi), log(var(xi)), atanh(corr(xi, eta)):
[1.06807783 1.06672783 1.06245659 1.0023777  0.99893945 1.06515197]

Iteration:  800
Rhat values for alpha, beta, log(sigma^2), mean(xi), log(var(xi)), atanh(corr(xi, eta)):
[1.05078786 1.05233737 1.07806401 0.99965804 0.99886507 1.0604487 ]

Iteration:  900
Rhat values for alpha, beta, log(sigma^2), mean(xi), log(var(xi)), atanh(corr(xi, eta)):
[1.03185946 1.04000385 1.09624593 1.00008718 0.99898491 1.05544805]

Iteration:  1000
Rhat values for alpha, beta, log(sigma^2), mean(xi), log(var(xi)), atanh(corr(xi, eta)):
[1.03395968 1.04029554 1.10056752 0.99987409 0.99926079 1.05973099]

Iteration:  1100
Rhat values for alpha, beta, log(sigma^2), mean(xi), log(var(xi)), atanh(corr(xi, eta)):
[1.03917358 1.04320455 1.06750327 0.99992274 0.99957607 1.06287894]

Iteration:  1200
Rhat values for alpha, beta, log(sigma^2), mean(xi), log(var(xi)), atanh(corr(xi, eta)):
[1.03726095 1.04071461 1.06574889 1.00162517 1.00032723 1.06471851]

Iteration:  1300
Rhat values for alpha, beta, log(sigma^2), mean(xi), log(var(xi)), atanh(corr(xi, eta)):
[1.03597053 1.03860892 1.05970489 1.00183313 1.00007411 1.06044223]

Iteration:  1400
Rhat values for alpha, beta, log(sigma^2), mean(xi), log(var(xi)), atanh(corr(xi, eta)):
[1.03752941 1.03913398 1.05502534 1.00103325 1.00007129 1.06187443]

Iteration:  1500
Rhat values for alpha, beta, log(sigma^2), mean(xi), log(var(xi)), atanh(corr(xi, eta)):
[1.04882311 1.05154421 1.05414472 1.00254301 1.00028459 1.07695156]

Iteration:  1600
Rhat values for alpha, beta, log(sigma^2), mean(xi), log(var(xi)), atanh(corr(xi, eta)):
[1.04388883 1.04785577 1.06833159 1.00125081 1.00005583 1.07571827]

Iteration:  1700
Rhat values for alpha, beta, log(sigma^2), mean(xi), log(var(xi)), atanh(corr(xi, eta)):
[1.03690761 1.03967542 1.07746899 1.00060966 1.00023244 1.06511394]

Iteration:  1800
Rhat values for alpha, beta, log(sigma^2), mean(xi), log(var(xi)), atanh(corr(xi, eta)):
[1.02999995 1.03208376 1.07665705 1.0000431  0.9999347  1.05744442]

Iteration:  1900
Rhat values for alpha, beta, log(sigma^2), mean(xi), log(var(xi)), atanh(corr(xi, eta)):
[1.02882467 1.03281456 1.07900152 0.9999515  0.99986828 1.05752881]

Iteration:  2000
Rhat values for alpha, beta, log(sigma^2), mean(xi), log(var(xi)), atanh(corr(xi, eta)):
[1.0299054  1.03310924 1.0644477  1.0000606  1.0004617  1.05653748]

Iteration:  2100
Rhat values for alpha, beta, log(sigma^2), mean(xi), log(var(xi)), atanh(corr(xi, eta)):
[1.03523842 1.03599935 1.05621938 0.99993569 1.00022777 1.05674776]

Iteration:  2200
Rhat values for alpha, beta, log(sigma^2), mean(xi), log(var(xi)), atanh(corr(xi, eta)):
[1.03685913 1.0385718  1.0456125  0.99989445 1.00007406 1.05724337]

Iteration:  2300
Rhat values for alpha, beta, log(sigma^2), mean(xi), log(var(xi)), atanh(corr(xi, eta)):
[1.04617363 1.04787342 1.04249977 1.00060312 1.00035839 1.06371818]

Iteration:  2400
Rhat values for alpha, beta, log(sigma^2), mean(xi), log(var(xi)), atanh(corr(xi, eta)):
[1.0544607  1.05685119 1.04935173 1.00059293 1.0003093  1.06855379]

Iteration:  2500
Rhat values for alpha, beta, log(sigma^2), mean(xi), log(var(xi)), atanh(corr(xi, eta)):
[1.05555869 1.05777739 1.05333559 1.00032614 1.00001351 1.07017042]

Iteration:  2600
Rhat values for alpha, beta, log(sigma^2), mean(xi), log(var(xi)), atanh(corr(xi, eta)):
[1.06012486 1.06193073 1.04914543 0.9999446  0.99993247 1.07170976]

Iteration:  2700
Rhat values for alpha, beta, log(sigma^2), mean(xi), log(var(xi)), atanh(corr(xi, eta)):
[1.06217197 1.06598279 1.04618883 0.99988895 0.9999857  1.07445203]

Iteration:  2800
Rhat values for alpha, beta, log(sigma^2), mean(xi), log(var(xi)), atanh(corr(xi, eta)):
[1.06817991 1.07249505 1.0453132  0.99993082 0.9999284  1.08727889]

Iteration:  2900
Rhat values for alpha, beta, log(sigma^2), mean(xi), log(var(xi)), atanh(corr(xi, eta)):
[1.06986195 1.07368252 1.04891996 1.00021614 0.99999498 1.09443663]

Iteration:  3000
Rhat values for alpha, beta, log(sigma^2), mean(xi), log(var(xi)), atanh(corr(xi, eta)):
[1.06753202 1.07020907 1.04621288 1.00049723 1.00008058 1.09130426]

Iteration:  3100
Rhat values for alpha, beta, log(sigma^2), mean(xi), log(var(xi)), atanh(corr(xi, eta)):
[1.06039695 1.06177961 1.04208612 1.0006746  1.000195   1.08391627]

Iteration:  3200
Rhat values for alpha, beta, log(sigma^2), mean(xi), log(var(xi)), atanh(corr(xi, eta)):
[1.0617267  1.06176001 1.03520828 1.00072645 1.00045227 1.08242896]

Iteration:  3300
Rhat values for alpha, beta, log(sigma^2), mean(xi), log(var(xi)), atanh(corr(xi, eta)):
[1.05729625 1.05798399 1.03143734 1.00082208 1.00040727 1.07705796]

Iteration:  3400
Rhat values for alpha, beta, log(sigma^2), mean(xi), log(var(xi)), atanh(corr(xi, eta)):
[1.05434499 1.0565782  1.02503556 1.00060311 1.00034539 1.07332597]

Iteration:  3500
Rhat values for alpha, beta, log(sigma^2), mean(xi), log(var(xi)), atanh(corr(xi, eta)):
[1.05058274 1.0530948  1.02052624 1.0005142  1.00010864 1.06691816]

Iteration:  3600
Rhat values for alpha, beta, log(sigma^2), mean(xi), log(var(xi)), atanh(corr(xi, eta)):
[1.04351707 1.04515405 1.01858476 1.00039687 1.00025612 1.06003563]

Iteration:  3700
Rhat values for alpha, beta, log(sigma^2), mean(xi), log(var(xi)), atanh(corr(xi, eta)):
[1.04196774 1.04272888 1.01897849 1.00054949 1.00029131 1.05777275]

Iteration:  3800
Rhat values for alpha, beta, log(sigma^2), mean(xi), log(var(xi)), atanh(corr(xi, eta)):
[1.04280862 1.04373441 1.01666764 1.0011601  1.0004404  1.0571897 ]

Iteration:  3900
Rhat values for alpha, beta, log(sigma^2), mean(xi), log(var(xi)), atanh(corr(xi, eta)):
[1.04450326 1.04466211 1.0159837  1.00059813 1.00040325 1.05854655]

Iteration:  4000
Rhat values for alpha, beta, log(sigma^2), mean(xi), log(var(xi)), atanh(corr(xi, eta)):
[1.04578932 1.04620498 1.01465464 1.00090942 1.00048316 1.05988245]

Iteration:  4100
Rhat values for alpha, beta, log(sigma^2), mean(xi), log(var(xi)), atanh(corr(xi, eta)):
[1.04071897 1.0409692  1.01300822 1.00127866 1.00064476 1.05502994]

Iteration:  4200
Rhat values for alpha, beta, log(sigma^2), mean(xi), log(var(xi)), atanh(corr(xi, eta)):
[1.03945887 1.03993539 1.00993408 1.00164525 1.00083169 1.05239152]

Iteration:  4300
Rhat values for alpha, beta, log(sigma^2), mean(xi), log(var(xi)), atanh(corr(xi, eta)):
[1.03778209 1.03884469 1.00870632 1.00127208 1.00055274 1.05129004]

Iteration:  4400
Rhat values for alpha, beta, log(sigma^2), mean(xi), log(var(xi)), atanh(corr(xi, eta)):
[1.0397643  1.04139786 1.00851694 1.00124975 1.00029759 1.0548687 ]

Iteration:  4500
Rhat values for alpha, beta, log(sigma^2), mean(xi), log(var(xi)), atanh(corr(xi, eta)):
[1.03665335 1.03827948 1.00967708 1.00117558 1.0003876  1.05248943]

Iteration:  4600
Rhat values for alpha, beta, log(sigma^2), mean(xi), log(var(xi)), atanh(corr(xi, eta)):
[1.03464463 1.03470527 1.01073978 1.00101973 1.00034792 1.04851265]

Iteration:  4700
Rhat values for alpha, beta, log(sigma^2), mean(xi), log(var(xi)), atanh(corr(xi, eta)):
[1.03593328 1.03583179 1.00932445 1.00091025 1.00039367 1.0479689 ]

Iteration:  4800
Rhat values for alpha, beta, log(sigma^2), mean(xi), log(var(xi)), atanh(corr(xi, eta)):
[1.03469225 1.03423096 1.00946019 1.00137602 1.00053333 1.04528139]

Iteration:  4900
Rhat values for alpha, beta, log(sigma^2), mean(xi), log(var(xi)), atanh(corr(xi, eta)):
[1.03570292 1.03500645 1.00934869 1.00090179 1.00053336 1.04472763]

Iteration:  5000
Rhat values for alpha, beta, log(sigma^2), mean(xi), log(var(xi)), atanh(corr(xi, eta)):
[1.0353311  1.03426765 1.00851995 1.00108287 1.0007779  1.04195279]

Iteration:  5100
Rhat values for alpha, beta, log(sigma^2), mean(xi), log(var(xi)), atanh(corr(xi, eta)):
[1.03817799 1.03634565 1.00927879 1.00153083 1.00074731 1.04367148]

Iteration:  5200
Rhat values for alpha, beta, log(sigma^2), mean(xi), log(var(xi)), atanh(corr(xi, eta)):
[1.03980303 1.03753938 1.01058804 1.00123417 1.00054912 1.044865  ]

Iteration:  5300
Rhat values for alpha, beta, log(sigma^2), mean(xi), log(var(xi)), atanh(corr(xi, eta)):
[1.03961272 1.0375275  1.01122261 1.00108453 1.00060281 1.04558831]

Iteration:  5400
Rhat values for alpha, beta, log(sigma^2), mean(xi), log(var(xi)), atanh(corr(xi, eta)):
[1.03757217 1.03564984 1.01207968 1.00127511 1.0006315  1.04460579]

Iteration:  5500
Rhat values for alpha, beta, log(sigma^2), mean(xi), log(var(xi)), atanh(corr(xi, eta)):
[1.03653642 1.03508276 1.01074881 1.00118453 1.00082508 1.04221418]

Iteration:  5600
Rhat values for alpha, beta, log(sigma^2), mean(xi), log(var(xi)), atanh(corr(xi, eta)):
[1.03630187 1.03516872 1.00785814 1.00098418 1.00086054 1.04412949]

Iteration:  5700
Rhat values for alpha, beta, log(sigma^2), mean(xi), log(var(xi)), atanh(corr(xi, eta)):
[1.03420127 1.03354748 1.00591842 1.00083458 1.00108608 1.04179548]

Iteration:  5800
Rhat values for alpha, beta, log(sigma^2), mean(xi), log(var(xi)), atanh(corr(xi, eta)):
[1.03269686 1.03222721 1.00385953 1.00096643 1.00114526 1.03886618]

Iteration:  5900
Rhat values for alpha, beta, log(sigma^2), mean(xi), log(var(xi)), atanh(corr(xi, eta)):
[1.03081506 1.03068474 1.00361886 1.00087817 1.00053424 1.03656314]

Iteration:  6000
Rhat values for alpha, beta, log(sigma^2), mean(xi), log(var(xi)), atanh(corr(xi, eta)):
[1.0276816  1.02743958 1.00521415 1.00094649 1.00047108 1.03262273]

Iteration:  6100
Rhat values for alpha, beta, log(sigma^2), mean(xi), log(var(xi)), atanh(corr(xi, eta)):
[1.02605931 1.02603245 1.00661404 1.00092511 1.00030766 1.03113325]

Iteration:  6200
Rhat values for alpha, beta, log(sigma^2), mean(xi), log(var(xi)), atanh(corr(xi, eta)):
[1.02361873 1.02386058 1.00924142 1.00078125 1.00026694 1.02908432]

Iteration:  6300
Rhat values for alpha, beta, log(sigma^2), mean(xi), log(var(xi)), atanh(corr(xi, eta)):
[1.0222     1.0222307  1.01079725 1.00088818 1.00022998 1.0273801 ]

Iteration:  6400
Rhat values for alpha, beta, log(sigma^2), mean(xi), log(var(xi)), atanh(corr(xi, eta)):
[1.02186779 1.02208632 1.01087324 1.00088602 1.00014346 1.02725207]

Iteration:  6500
Rhat values for alpha, beta, log(sigma^2), mean(xi), log(var(xi)), atanh(corr(xi, eta)):
[1.02160829 1.02170459 1.01164656 1.00092735 1.00013966 1.02687827]

Iteration:  6600
Rhat values for alpha, beta, log(sigma^2), mean(xi), log(var(xi)), atanh(corr(xi, eta)):
[1.01960026 1.01940358 1.01338969 1.00082306 1.00003684 1.02546453]

Iteration:  6700
Rhat values for alpha, beta, log(sigma^2), mean(xi), log(var(xi)), atanh(corr(xi, eta)):
[1.01943159 1.01909056 1.01458621 1.00065811 1.0000295  1.02650688]

Iteration:  6800
Rhat values for alpha, beta, log(sigma^2), mean(xi), log(var(xi)), atanh(corr(xi, eta)):
[1.0214911  1.02080377 1.01492221 1.00062146 1.00003381 1.02791989]

Iteration:  6900
Rhat values for alpha, beta, log(sigma^2), mean(xi), log(var(xi)), atanh(corr(xi, eta)):
[1.02234674 1.0216612  1.01278725 1.00062123 1.00002963 1.02914059]

Iteration:  7000
Rhat values for alpha, beta, log(sigma^2), mean(xi), log(var(xi)), atanh(corr(xi, eta)):
[1.02153721 1.02076838 1.01040556 1.0004838  1.00003611 1.02692065]

Iteration:  7100
Rhat values for alpha, beta, log(sigma^2), mean(xi), log(var(xi)), atanh(corr(xi, eta)):
[1.02088974 1.01996784 1.0084434  1.00047315 1.00003558 1.0257544 ]

Iteration:  7200
Rhat values for alpha, beta, log(sigma^2), mean(xi), log(var(xi)), atanh(corr(xi, eta)):
[1.02165491 1.02083635 1.0067027  1.00055758 1.00003167 1.02666752]

Iteration:  7300
Rhat values for alpha, beta, log(sigma^2), mean(xi), log(var(xi)), atanh(corr(xi, eta)):
[1.02140438 1.02088175 1.006404   1.00052632 1.00002907 1.0269244 ]

Iteration:  7400
Rhat values for alpha, beta, log(sigma^2), mean(xi), log(var(xi)), atanh(corr(xi, eta)):
[1.0200461  1.0200352  1.00646837 1.0004782  1.00003989 1.02482102]

Iteration:  7500
Rhat values for alpha, beta, log(sigma^2), mean(xi), log(var(xi)), atanh(corr(xi, eta)):
[1.02094081 1.02119905 1.0065449  1.00072948 1.00003409 1.0255113 ]

Iteration:  7600
Rhat values for alpha, beta, log(sigma^2), mean(xi), log(var(xi)), atanh(corr(xi, eta)):
[1.02094875 1.02110607 1.00714009 1.00065954 1.00000232 1.024751  ]

Iteration:  7700
Rhat values for alpha, beta, log(sigma^2), mean(xi), log(var(xi)), atanh(corr(xi, eta)):
[1.01894762 1.01884363 1.00750214 1.00041151 1.00000611 1.02108372]

Iteration:  7800
Rhat values for alpha, beta, log(sigma^2), mean(xi), log(var(xi)), atanh(corr(xi, eta)):
[1.01689439 1.01677384 1.0070239  1.00036421 1.00000894 1.01738621]

Iteration:  7900
Rhat values for alpha, beta, log(sigma^2), mean(xi), log(var(xi)), atanh(corr(xi, eta)):
[1.01563761 1.01551799 1.00667461 1.00035653 1.00001268 1.01483519]

Iteration:  8000
Rhat values for alpha, beta, log(sigma^2), mean(xi), log(var(xi)), atanh(corr(xi, eta)):
[1.01429909 1.01415328 1.00771469 1.0003687  1.00000953 1.01133413]

Iteration:  8100
Rhat values for alpha, beta, log(sigma^2), mean(xi), log(var(xi)), atanh(corr(xi, eta)):
[1.01416502 1.01425109 1.00830657 1.00021999 0.9999322  1.00949565]

Iteration:  8200
Rhat values for alpha, beta, log(sigma^2), mean(xi), log(var(xi)), atanh(corr(xi, eta)):
[1.01433852 1.01443407 1.0091987  1.00026885 0.99993317 1.00934905]

Iteration:  8300
Rhat values for alpha, beta, log(sigma^2), mean(xi), log(var(xi)), atanh(corr(xi, eta)):
[1.0138598  1.01366525 1.010332   1.00040511 0.99993526 1.00922211]

Iteration:  8400
Rhat values for alpha, beta, log(sigma^2), mean(xi), log(var(xi)), atanh(corr(xi, eta)):
[1.01533495 1.01486711 1.01201663 1.00058207 0.99993606 1.00984686]

Iteration:  8500
Rhat values for alpha, beta, log(sigma^2), mean(xi), log(var(xi)), atanh(corr(xi, eta)):
[1.0166688  1.01610274 1.01251272 1.00051503 0.99993583 1.01094652]

Iteration:  8600
Rhat values for alpha, beta, log(sigma^2), mean(xi), log(var(xi)), atanh(corr(xi, eta)):
[1.01506679 1.01452763 1.01258926 1.00045009 0.9999366  1.00988645]

Iteration:  8700
Rhat values for alpha, beta, log(sigma^2), mean(xi), log(var(xi)), atanh(corr(xi, eta)):
[1.01519161 1.01435203 1.01319521 1.00045637 0.99993667 1.00966091]

Iteration:  8800
Rhat values for alpha, beta, log(sigma^2), mean(xi), log(var(xi)), atanh(corr(xi, eta)):
[1.01504423 1.01394851 1.01418809 1.00035516 0.99993713 1.00903119]

Iteration:  8900
Rhat values for alpha, beta, log(sigma^2), mean(xi), log(var(xi)), atanh(corr(xi, eta)):
[1.01356572 1.01239044 1.01487655 1.00036087 0.99993971 1.00816885]

Iteration:  9000
Rhat values for alpha, beta, log(sigma^2), mean(xi), log(var(xi)), atanh(corr(xi, eta)):
[1.01359592 1.01229619 1.01442283 1.00039759 0.99994222 1.00823008]

Iteration:  9100
Rhat values for alpha, beta, log(sigma^2), mean(xi), log(var(xi)), atanh(corr(xi, eta)):
[1.0131095  1.01189233 1.01393018 1.00049495 0.9999436  1.00807308]

Iteration:  9200
Rhat values for alpha, beta, log(sigma^2), mean(xi), log(var(xi)), atanh(corr(xi, eta)):
[1.0141093  1.01287979 1.01381081 1.00051205 0.99994431 1.00865682]

Iteration:  9300
Rhat values for alpha, beta, log(sigma^2), mean(xi), log(var(xi)), atanh(corr(xi, eta)):
[1.01407917 1.01302272 1.01367587 1.00026996 0.99994345 1.00903125]

Iteration:  9400
Rhat values for alpha, beta, log(sigma^2), mean(xi), log(var(xi)), atanh(corr(xi, eta)):
[1.01231836 1.01126396 1.01353011 1.00021906 1.00009818 1.0092743 ]

Iteration:  9500
Rhat values for alpha, beta, log(sigma^2), mean(xi), log(var(xi)), atanh(corr(xi, eta)):
[1.01146381 1.0103898  1.01437691 1.00025435 1.00009664 1.00992601]

Iteration:  9600
Rhat values for alpha, beta, log(sigma^2), mean(xi), log(var(xi)), atanh(corr(xi, eta)):
[1.01128129 1.01040484 1.01571875 1.00031139 1.00009701 1.01076883]

Iteration:  9700
Rhat values for alpha, beta, log(sigma^2), mean(xi), log(var(xi)), atanh(corr(xi, eta)):
[1.01185326 1.01082416 1.0157224  1.00031975 1.00009636 1.01146023]

Iteration:  9800
Rhat values for alpha, beta, log(sigma^2), mean(xi), log(var(xi)), atanh(corr(xi, eta)):
[1.01200722 1.01096034 1.0159083  1.00030292 1.0000954  1.01149186]

Iteration:  9900
Rhat values for alpha, beta, log(sigma^2), mean(xi), log(var(xi)), atanh(corr(xi, eta)):
[1.01155449 1.01059128 1.01640379 1.00038494 1.00009554 1.01154533]

Iteration:  10000
Rhat values for alpha, beta, log(sigma^2), mean(xi), log(var(xi)), atanh(corr(xi, eta)):
[1.0105814  1.00988294 1.01636629 1.00044462 1.00009429 1.01159673]

Iteration:  10100
Rhat values for alpha, beta, log(sigma^2), mean(xi), log(var(xi)), atanh(corr(xi, eta)):
[1.01081506 1.01004659 1.01565925 1.00035447 1.00009246 1.01179696]

Iteration:  10200
Rhat values for alpha, beta, log(sigma^2), mean(xi), log(var(xi)), atanh(corr(xi, eta)):
[1.01043586 1.00962868 1.01490108 1.00035087 1.00009056 1.01124671]

Iteration:  10300
Rhat values for alpha, beta, log(sigma^2), mean(xi), log(var(xi)), atanh(corr(xi, eta)):
[1.00909149 1.00839954 1.01409663 1.00030085 1.00008967 1.00986328]

Iteration:  10400
Rhat values for alpha, beta, log(sigma^2), mean(xi), log(var(xi)), atanh(corr(xi, eta)):
[1.00864488 1.0079689  1.01408981 1.00026857 1.00008688 1.00925779]

Iteration:  10500
Rhat values for alpha, beta, log(sigma^2), mean(xi), log(var(xi)), atanh(corr(xi, eta)):
[1.00813831 1.00753929 1.01464961 1.00027631 1.00008587 1.00859947]

Iteration:  10600
Rhat values for alpha, beta, log(sigma^2), mean(xi), log(var(xi)), atanh(corr(xi, eta)):
[1.00753251 1.00679906 1.01491107 1.00020104 1.00008362 1.00740286]

Iteration:  10700
Rhat values for alpha, beta, log(sigma^2), mean(xi), log(var(xi)), atanh(corr(xi, eta)):
[1.00698134 1.00637381 1.01513708 1.0002496  1.00008276 1.00648879]

Iteration:  10800
Rhat values for alpha, beta, log(sigma^2), mean(xi), log(var(xi)), atanh(corr(xi, eta)):
[1.00696728 1.00638086 1.01562694 1.00024188 1.00008224 1.00596327]

Iteration:  10900
Rhat values for alpha, beta, log(sigma^2), mean(xi), log(var(xi)), atanh(corr(xi, eta)):
[1.00729331 1.00670694 1.01572715 1.00029541 1.00008093 1.00594345]

Iteration:  11000
Rhat values for alpha, beta, log(sigma^2), mean(xi), log(var(xi)), atanh(corr(xi, eta)):
[1.00710713 1.0065099  1.015282   1.00028659 1.00007948 1.00576875]

Iteration:  11100
Rhat values for alpha, beta, log(sigma^2), mean(xi), log(var(xi)), atanh(corr(xi, eta)):
[1.0075748  1.00694462 1.01524943 1.00021141 1.00007928 1.00588011]

Iteration:  11200
Rhat values for alpha, beta, log(sigma^2), mean(xi), log(var(xi)), atanh(corr(xi, eta)):
[1.00741964 1.00682379 1.01552166 1.00024777 1.00007952 1.0059001 ]

Iteration:  11300
Rhat values for alpha, beta, log(sigma^2), mean(xi), log(var(xi)), atanh(corr(xi, eta)):
[1.00782871 1.00726564 1.01468409 1.00035855 1.00007936 1.0065505 ]

Iteration:  11400
Rhat values for alpha, beta, log(sigma^2), mean(xi), log(var(xi)), atanh(corr(xi, eta)):
[1.00766274 1.00704933 1.01325664 1.00041598 1.00007926 1.00668753]

Iteration:  11500
Rhat values for alpha, beta, log(sigma^2), mean(xi), log(var(xi)), atanh(corr(xi, eta)):
[1.00666554 1.00614044 1.0126812  1.00040914 1.00007747 1.00580279]

Iteration:  11600
Rhat values for alpha, beta, log(sigma^2), mean(xi), log(var(xi)), atanh(corr(xi, eta)):
[1.00615379 1.00570223 1.01252708 1.00042842 1.00007551 1.00519846]

Iteration:  11700
Rhat values for alpha, beta, log(sigma^2), mean(xi), log(var(xi)), atanh(corr(xi, eta)):
[1.00699731 1.00653434 1.01245112 1.00044269 1.00007395 1.00564928]

Iteration:  11800
Rhat values for alpha, beta, log(sigma^2), mean(xi), log(var(xi)), atanh(corr(xi, eta)):
[1.00767556 1.00710904 1.01157198 1.00051978 1.00007198 1.00645391]

Iteration:  11900
Rhat values for alpha, beta, log(sigma^2), mean(xi), log(var(xi)), atanh(corr(xi, eta)):
[1.00788926 1.00725769 1.01167656 1.00052991 1.00007005 1.00671254]

Iteration:  12000
Rhat values for alpha, beta, log(sigma^2), mean(xi), log(var(xi)), atanh(corr(xi, eta)):
[1.00842087 1.00781205 1.01116704 1.00048356 1.00006896 1.0073294 ]

Iteration:  12100
Rhat values for alpha, beta, log(sigma^2), mean(xi), log(var(xi)), atanh(corr(xi, eta)):
[1.00915267 1.00857044 1.01050038 1.00038779 1.00006845 1.00826485]

Iteration:  12200
Rhat values for alpha, beta, log(sigma^2), mean(xi), log(var(xi)), atanh(corr(xi, eta)):
[1.00960475 1.00910707 1.01032501 1.00038253 1.00006669 1.00882461]

Iteration:  12300
Rhat values for alpha, beta, log(sigma^2), mean(xi), log(var(xi)), atanh(corr(xi, eta)):
[1.00958434 1.00900264 1.01072267 1.00043417 1.00006497 1.00809051]

Iteration:  12400
Rhat values for alpha, beta, log(sigma^2), mean(xi), log(var(xi)), atanh(corr(xi, eta)):
[1.00914518 1.00834787 1.01003594 1.00048998 1.00006507 1.00676507]

Iteration:  12500
Rhat values for alpha, beta, log(sigma^2), mean(xi), log(var(xi)), atanh(corr(xi, eta)):
[1.00929095 1.00835339 1.00921061 1.00046355 1.00006522 1.00571998]

Iteration:  12600
Rhat values for alpha, beta, log(sigma^2), mean(xi), log(var(xi)), atanh(corr(xi, eta)):
[1.00897179 1.00791127 1.00863585 1.0004874  1.00006471 1.00482121]

Iteration:  12700
Rhat values for alpha, beta, log(sigma^2), mean(xi), log(var(xi)), atanh(corr(xi, eta)):
[1.00797844 1.00701506 1.00823694 1.00049645 1.00006383 1.00395198]

Iteration:  12800
Rhat values for alpha, beta, log(sigma^2), mean(xi), log(var(xi)), atanh(corr(xi, eta)):
[1.00755558 1.00656142 1.00786031 1.00051808 1.00006375 1.00331173]

Iteration:  12900
Rhat values for alpha, beta, log(sigma^2), mean(xi), log(var(xi)), atanh(corr(xi, eta)):
[1.00755231 1.00649244 1.00778099 1.00055551 1.00006205 1.00320939]

Iteration:  13000
Rhat values for alpha, beta, log(sigma^2), mean(xi), log(var(xi)), atanh(corr(xi, eta)):
[1.00765442 1.00657684 1.00812149 1.00052758 1.00006223 1.00329424]

Iteration:  13100
Rhat values for alpha, beta, log(sigma^2), mean(xi), log(var(xi)), atanh(corr(xi, eta)):
[1.00726652 1.0061899  1.0080492  1.00049015 1.00006332 1.00327849]

Iteration:  13200
Rhat values for alpha, beta, log(sigma^2), mean(xi), log(var(xi)), atanh(corr(xi, eta)):
[1.00710829 1.0060499  1.00747434 1.0005076  1.00006392 1.0032218 ]

Iteration:  13300
Rhat values for alpha, beta, log(sigma^2), mean(xi), log(var(xi)), atanh(corr(xi, eta)):
[1.00692036 1.00585268 1.00695936 1.00054799 1.00006402 1.00318334]

Iteration:  13400
Rhat values for alpha, beta, log(sigma^2), mean(xi), log(var(xi)), atanh(corr(xi, eta)):
[1.00620498 1.00524541 1.00707232 1.0005159  1.000064   1.00293736]

Iteration:  13500
Rhat values for alpha, beta, log(sigma^2), mean(xi), log(var(xi)), atanh(corr(xi, eta)):
[1.0060165  1.00500417 1.00721552 1.0004665  1.0000637  1.00276044]

Iteration:  13600
Rhat values for alpha, beta, log(sigma^2), mean(xi), log(var(xi)), atanh(corr(xi, eta)):
[1.00649448 1.00538868 1.00730121 1.00053016 1.00006364 1.00296975]

Iteration:  13700
Rhat values for alpha, beta, log(sigma^2), mean(xi), log(var(xi)), atanh(corr(xi, eta)):
[1.00704037 1.00588391 1.00765492 1.00051119 1.0000643  1.003245  ]

Iteration:  13800
Rhat values for alpha, beta, log(sigma^2), mean(xi), log(var(xi)), atanh(corr(xi, eta)):
[1.00755944 1.00633021 1.0075953  1.00049972 1.00006341 1.00358626]

Iteration:  13900
Rhat values for alpha, beta, log(sigma^2), mean(xi), log(var(xi)), atanh(corr(xi, eta)):
[1.00826055 1.00703203 1.00736855 1.00055488 1.00006225 1.00401141]

Iteration:  14000
Rhat values for alpha, beta, log(sigma^2), mean(xi), log(var(xi)), atanh(corr(xi, eta)):
[1.00864885 1.00730842 1.0072156  1.00059721 1.00006324 1.00428476]

Iteration:  14100
Rhat values for alpha, beta, log(sigma^2), mean(xi), log(var(xi)), atanh(corr(xi, eta)):
[1.00847945 1.00711118 1.0067381  1.00063694 1.00006206 1.00418669]

Iteration:  14200
Rhat values for alpha, beta, log(sigma^2), mean(xi), log(var(xi)), atanh(corr(xi, eta)):
[1.00870926 1.0072033  1.00633838 1.0006753  1.00006193 1.00411925]

Iteration:  14300
Rhat values for alpha, beta, log(sigma^2), mean(xi), log(var(xi)), atanh(corr(xi, eta)):
[1.0090472  1.00753762 1.00592098 1.00066512 1.00006244 1.00435176]

Iteration:  14400
Rhat values for alpha, beta, log(sigma^2), mean(xi), log(var(xi)), atanh(corr(xi, eta)):
[1.00948897 1.00786997 1.00569566 1.00072775 1.00006234 1.00463521]

Iteration:  14500
Rhat values for alpha, beta, log(sigma^2), mean(xi), log(var(xi)), atanh(corr(xi, eta)):
[1.01016484 1.00836008 1.00569875 1.00070769 1.0000631  1.00521048]

Iteration:  14600
Rhat values for alpha, beta, log(sigma^2), mean(xi), log(var(xi)), atanh(corr(xi, eta)):
[1.01099229 1.00914406 1.00545743 1.00067412 1.00006446 1.00617677]

Iteration:  14700
Rhat values for alpha, beta, log(sigma^2), mean(xi), log(var(xi)), atanh(corr(xi, eta)):
[1.0111477  1.00929409 1.00541328 1.00074315 1.00006469 1.00636056]

Iteration:  14800
Rhat values for alpha, beta, log(sigma^2), mean(xi), log(var(xi)), atanh(corr(xi, eta)):
[1.01131477 1.00944975 1.00580436 1.00065646 1.0000648  1.00640025]

Iteration:  14900
Rhat values for alpha, beta, log(sigma^2), mean(xi), log(var(xi)), atanh(corr(xi, eta)):
[1.01085257 1.00898524 1.00582155 1.00063863 1.00006366 1.00583337]

Iteration:  15000
Rhat values for alpha, beta, log(sigma^2), mean(xi), log(var(xi)), atanh(corr(xi, eta)):
[1.01076823 1.0088808  1.00591777 1.00061983 1.00006427 1.00580199]

Iteration:  15100
Rhat values for alpha, beta, log(sigma^2), mean(xi), log(var(xi)), atanh(corr(xi, eta)):
[1.01099076 1.00921146 1.00569142 1.00052732 1.00006309 1.00617719]

Iteration:  15200
Rhat values for alpha, beta, log(sigma^2), mean(xi), log(var(xi)), atanh(corr(xi, eta)):
[1.01064719 1.00883523 1.00519182 1.00050825 1.00006636 1.00615106]

Iteration:  15300
Rhat values for alpha, beta, log(sigma^2), mean(xi), log(var(xi)), atanh(corr(xi, eta)):
[1.01055161 1.00876225 1.00474573 1.00050124 1.00006695 1.00626185]

Iteration:  15400
Rhat values for alpha, beta, log(sigma^2), mean(xi), log(var(xi)), atanh(corr(xi, eta)):
[1.00986736 1.00821921 1.00408084 1.00051798 1.00006627 1.00605303]

Iteration:  15500
Rhat values for alpha, beta, log(sigma^2), mean(xi), log(var(xi)), atanh(corr(xi, eta)):
[1.00940293 1.00782451 1.00383068 1.00053554 1.00006509 1.00570737]

Iteration:  15600
Rhat values for alpha, beta, log(sigma^2), mean(xi), log(var(xi)), atanh(corr(xi, eta)):
[1.00871662 1.00726334 1.00349733 1.00057062 1.00006513 1.00518651]

Iteration:  15700
Rhat values for alpha, beta, log(sigma^2), mean(xi), log(var(xi)), atanh(corr(xi, eta)):
[1.0078861  1.00654739 1.0033971  1.00060349 1.00006485 1.00469557]

Iteration:  15800
Rhat values for alpha, beta, log(sigma^2), mean(xi), log(var(xi)), atanh(corr(xi, eta)):
[1.00773229 1.00641611 1.00357738 1.00061388 1.00006665 1.00463765]

Iteration:  15900
Rhat values for alpha, beta, log(sigma^2), mean(xi), log(var(xi)), atanh(corr(xi, eta)):
[1.00764312 1.00639651 1.00372488 1.00063616 1.00006334 1.00468905]

Iteration:  16000
Rhat values for alpha, beta, log(sigma^2), mean(xi), log(var(xi)), atanh(corr(xi, eta)):
[1.00757425 1.00637487 1.00395353 1.00059598 1.00006367 1.00474058]

Iteration:  16100
Rhat values for alpha, beta, log(sigma^2), mean(xi), log(var(xi)), atanh(corr(xi, eta)):
[1.00758193 1.00638931 1.00373648 1.00061228 1.00006323 1.00479214]

Iteration:  16200
Rhat values for alpha, beta, log(sigma^2), mean(xi), log(var(xi)), atanh(corr(xi, eta)):
[1.00717759 1.00605533 1.00365726 1.00057134 1.00006251 1.00464229]

Iteration:  16300
Rhat values for alpha, beta, log(sigma^2), mean(xi), log(var(xi)), atanh(corr(xi, eta)):
[1.00733634 1.00625359 1.00352459 1.0006057  1.00006316 1.00482951]

Iteration:  16400
Rhat values for alpha, beta, log(sigma^2), mean(xi), log(var(xi)), atanh(corr(xi, eta)):
[1.00732358 1.00625976 1.0034973  1.00063796 1.00006278 1.00478708]

Iteration:  16500
Rhat values for alpha, beta, log(sigma^2), mean(xi), log(var(xi)), atanh(corr(xi, eta)):
[1.00725213 1.00615956 1.00338806 1.00063968 1.00006243 1.00478896]

Iteration:  16600
Rhat values for alpha, beta, log(sigma^2), mean(xi), log(var(xi)), atanh(corr(xi, eta)):
[1.00724426 1.00611923 1.00308878 1.00064811 1.0000628  1.00487323]

Iteration:  16700
Rhat values for alpha, beta, log(sigma^2), mean(xi), log(var(xi)), atanh(corr(xi, eta)):
[1.00732109 1.00625538 1.00277946 1.00065542 1.00006262 1.00502284]

Iteration:  16800
Rhat values for alpha, beta, log(sigma^2), mean(xi), log(var(xi)), atanh(corr(xi, eta)):
[1.00701504 1.0060955  1.00259529 1.00071368 1.00006218 1.00489371]

Iteration:  16900
Rhat values for alpha, beta, log(sigma^2), mean(xi), log(var(xi)), atanh(corr(xi, eta)):
[1.00668806 1.00594501 1.00241108 1.00086526 1.00006267 1.00485282]

Iteration:  17000
Rhat values for alpha, beta, log(sigma^2), mean(xi), log(var(xi)), atanh(corr(xi, eta)):
[1.00664901 1.00594242 1.00239701 1.00093873 1.0000621  1.00504556]

Iteration:  17100
Rhat values for alpha, beta, log(sigma^2), mean(xi), log(var(xi)), atanh(corr(xi, eta)):
[1.00657723 1.00598425 1.00260333 1.0010372  1.00005949 1.00514081]

Iteration:  17200
Rhat values for alpha, beta, log(sigma^2), mean(xi), log(var(xi)), atanh(corr(xi, eta)):
[1.00658882 1.00607039 1.00301692 1.00106483 1.00005941 1.00516934]

Iteration:  17300
Rhat values for alpha, beta, log(sigma^2), mean(xi), log(var(xi)), atanh(corr(xi, eta)):
[1.00617043 1.00573022 1.00350431 1.00105053 1.00006452 1.00466495]

Iteration:  17400
Rhat values for alpha, beta, log(sigma^2), mean(xi), log(var(xi)), atanh(corr(xi, eta)):
[1.00583728 1.00544197 1.00412783 1.0010009  1.00006346 1.00433422]

Iteration:  17500
Rhat values for alpha, beta, log(sigma^2), mean(xi), log(var(xi)), atanh(corr(xi, eta)):
[1.00579715 1.00539827 1.00467802 1.00093956 1.00006359 1.00428761]

Iteration:  17600
Rhat values for alpha, beta, log(sigma^2), mean(xi), log(var(xi)), atanh(corr(xi, eta)):
[1.00560908 1.00509572 1.00503217 1.00089156 1.0000624  1.00409842]

Iteration:  17700
Rhat values for alpha, beta, log(sigma^2), mean(xi), log(var(xi)), atanh(corr(xi, eta)):
[1.00545898 1.00494831 1.00535535 1.00087244 1.00006337 1.00392625]

Iteration:  17800
Rhat values for alpha, beta, log(sigma^2), mean(xi), log(var(xi)), atanh(corr(xi, eta)):
[1.0054021  1.00489604 1.00579887 1.00086897 1.00006265 1.00383451]

Iteration:  17900
Rhat values for alpha, beta, log(sigma^2), mean(xi), log(var(xi)), atanh(corr(xi, eta)):
[1.00521333 1.00461805 1.00640688 1.00087205 1.0000613  1.00352507]

Iteration:  18000
Rhat values for alpha, beta, log(sigma^2), mean(xi), log(var(xi)), atanh(corr(xi, eta)):
[1.00524958 1.00460975 1.00744134 1.0008053  1.00006115 1.0034484 ]

Iteration:  18100
Rhat values for alpha, beta, log(sigma^2), mean(xi), log(var(xi)), atanh(corr(xi, eta)):
[1.00515172 1.00445494 1.00782258 1.00092408 1.00006997 1.003254  ]

Iteration:  18200
Rhat values for alpha, beta, log(sigma^2), mean(xi), log(var(xi)), atanh(corr(xi, eta)):
[1.00504485 1.00435305 1.00782822 1.00095898 1.00006966 1.00314581]

Iteration:  18300
Rhat values for alpha, beta, log(sigma^2), mean(xi), log(var(xi)), atanh(corr(xi, eta)):
[1.00529622 1.00456432 1.00764354 1.00097899 1.00006063 1.00334941]

Iteration:  18400
Rhat values for alpha, beta, log(sigma^2), mean(xi), log(var(xi)), atanh(corr(xi, eta)):
[1.0050092  1.00428694 1.00745668 1.00102864 1.00006035 1.00321728]

Iteration:  18500
Rhat values for alpha, beta, log(sigma^2), mean(xi), log(var(xi)), atanh(corr(xi, eta)):
[1.00501252 1.00429245 1.00747545 1.00109312 1.00005996 1.00320722]

Iteration:  18600
Rhat values for alpha, beta, log(sigma^2), mean(xi), log(var(xi)), atanh(corr(xi, eta)):
[1.00544234 1.00465454 1.00757202 1.00112635 1.00005955 1.00356513]

Iteration:  18700
Rhat values for alpha, beta, log(sigma^2), mean(xi), log(var(xi)), atanh(corr(xi, eta)):
[1.00553922 1.00470617 1.00785187 1.00105685 1.00005931 1.0035709 ]

Iteration:  18800
Rhat values for alpha, beta, log(sigma^2), mean(xi), log(var(xi)), atanh(corr(xi, eta)):
[1.00589295 1.00499344 1.00769529 1.00100973 1.00005785 1.00369536]

Iteration:  18900
Rhat values for alpha, beta, log(sigma^2), mean(xi), log(var(xi)), atanh(corr(xi, eta)):
[1.00607758 1.00519487 1.00726911 1.0009708  1.00005808 1.00384369]

Iteration:  19000
Rhat values for alpha, beta, log(sigma^2), mean(xi), log(var(xi)), atanh(corr(xi, eta)):
[1.0059159  1.00501313 1.00719155 1.00093679 1.0000572  1.00370887]

Iteration:  19100
Rhat values for alpha, beta, log(sigma^2), mean(xi), log(var(xi)), atanh(corr(xi, eta)):
[1.00577091 1.00489168 1.00740773 1.00098918 1.00005667 1.00361916]

Iteration:  19200
Rhat values for alpha, beta, log(sigma^2), mean(xi), log(var(xi)), atanh(corr(xi, eta)):
[1.00564245 1.004824   1.00762993 1.00096346 1.00005606 1.00351681]

Iteration:  19300
Rhat values for alpha, beta, log(sigma^2), mean(xi), log(var(xi)), atanh(corr(xi, eta)):
[1.00543171 1.00462391 1.00743215 1.00096424 1.00005606 1.00337042]

Iteration:  19400
Rhat values for alpha, beta, log(sigma^2), mean(xi), log(var(xi)), atanh(corr(xi, eta)):
[1.00536616 1.00450263 1.00751918 1.00098769 1.00005641 1.00334076]

Iteration:  19500
Rhat values for alpha, beta, log(sigma^2), mean(xi), log(var(xi)), atanh(corr(xi, eta)):
[1.00527002 1.00442831 1.00800455 1.00101574 1.00005632 1.00329758]

Iteration:  19600
Rhat values for alpha, beta, log(sigma^2), mean(xi), log(var(xi)), atanh(corr(xi, eta)):
[1.00460073 1.00375578 1.00827564 1.00100127 1.00005607 1.0029595 ]

Iteration:  19700
Rhat values for alpha, beta, log(sigma^2), mean(xi), log(var(xi)), atanh(corr(xi, eta)):
[1.00445822 1.00355301 1.00811866 1.00101606 1.00005585 1.00290665]

Iteration:  19800
Rhat values for alpha, beta, log(sigma^2), mean(xi), log(var(xi)), atanh(corr(xi, eta)):
[1.00441248 1.00348391 1.00839251 1.00105887 1.0000552  1.00290744]

Iteration:  19900
Rhat values for alpha, beta, log(sigma^2), mean(xi), log(var(xi)), atanh(corr(xi, eta)):
[1.00466434 1.00367934 1.00875202 1.00101456 1.00005534 1.00304175]

Iteration:  20000
Rhat values for alpha, beta, log(sigma^2), mean(xi), log(var(xi)), atanh(corr(xi, eta)):
[1.00451221 1.00355375 1.00891082 1.00110453 1.00005697 1.00290985]
{"name": "R19_first_lowz_revision_covdiag", "n": 196, "changed_rows": 12, "mean_delta_all": 0.004892817919759138, "mean": -0.007951128831072811, "sd": 0.011645154145482116, "q025_975": [-0.03207532021444166, 0.015679104128498975], "p_negative": 0.76775, "seed": 20260971, "retained_draws": 40000, "split_rhat": {"alpha": 1.009714236838428, "beta": 1.0087887320979507, "sigsqr": 1.0147590749499675}, "fullcov_gls_slope": -0.005676439387416436, "fullcov_gls_se": 0.004561360699764473, "limitation": "Original covariance retained; LINMIX uses diagonal, GLS full covariance treats measured age fixed"}
