{
  "audit": {
    "Pantheon_algebraic_standardization_closure": {
      "constant_alpha_beta_residual_mass_step": [
        -0.052401749918388175,
        0.1475294521198401,
        3.0922232134935865,
        -2.414093197969369e-06
      ],
      "rms_mag": 4.176804782065737e-05,
      "max_abs_mag": 0.00010290124528361533,
      "interpretation": "Algebraic diagnostic only; mass dependence remains inside biasCor_m_b even when residual explicit mass step is near zero."
    },
    "original_HD": {
      "rows": 1829,
      "unique_CID": 1829,
      "unique_CID_survey": 1829,
      "surveys": {
        "10": 1635,
        "150": 118,
        "64": 31,
        "65": 19,
        "63": 15,
        "5": 8,
        "66": 3
      }
    },
    "Dovekie_HD": {
      "rows": 1820,
      "unique_CID": 1820,
      "unique_CID_survey": 1820,
      "surveys": {
        "10": 1623,
        "150": 117,
        "64": 31,
        "65": 22,
        "63": 16,
        "5": 8,
        "66": 3
      }
    },
    "original_metadata": {
      "rows": 1829,
      "unique_CID": 1829,
      "unique_CID_survey": 1829,
      "surveys": {
        "10": 1635,
        "150": 118,
        "64": 31,
        "65": 19,
        "63": 15,
        "5": 8,
        "66": 3
      }
    },
    "Dovekie_metadata": {
      "rows": 1820,
      "unique_CID": 1820,
      "unique_CID_survey": 1820,
      "surveys": {
        "10": 1623,
        "150": 117,
        "64": 31,
        "65": 22,
        "63": 16,
        "5": 8,
        "66": 3
      }
    },
    "Pantheon_W26": {
      "rows": 1701,
      "unique_CID": 1543,
      "unique_CID_survey": 1701,
      "surveys": {
        "1": 321,
        "15": 269,
        "10": 203,
        "150": 179,
        "4": 160,
        "57": 105,
        "5": 89,
        "64": 58,
        "56": 57,
        "51": 48,
        "50": 46,
        "65": 38,
        "63": 34,
        "62": 24,
        "100": 16,
        "18": 15,
        "61": 13,
        "66": 12,
        "106": 8,
        "101": 6
      }
    },
    "Dovekie_metadata_order_equal": false,
    "Dovekie_HD_vs_metadata_mu_max": 0.0,
    "original_HD_vs_metadata_mu_max": 0.0,
    "matched": 1718,
    "original_only": [
      [
        "1246717",
        10
      ],
      [
        "1248441",
        10
      ],
      [
        "1248907",
        10
      ],
      [
        "1249758",
        10
      ],
      [
        "1250578",
        10
      ],
      [
        "1253324",
        10
      ],
      [
        "1253358",
        10
      ],
      [
        "1253572",
        10
      ],
      [
        "1254051",
        10
      ],
      [
        "1255974",
        10
      ],
      [
        "1256426",
        10
      ],
      [
        "1257112",
        10
      ],
      [
        "1257496",
        10
      ],
      [
        "1257533",
        10
      ],
      [
        "1258191",
        10
      ],
      [
        "1258309",
        10
      ],
      [
        "1262128",
        10
      ],
      [
        "1262181",
        10
      ],
      [
        "1263856",
        10
      ],
      [
        "1265136",
        10
      ],
      [
        "1265169",
        10
      ],
      [
        "1265231",
        10
      ],
      [
        "1278747",
        10
      ],
      [
        "1280240",
        10
      ],
      [
        "1280780",
        10
      ],
      [
        "1280792",
        10
      ],
      [
        "1283924",
        10
      ],
      [
        "1289306",
        10
      ],
      [
        "1290948",
        10
      ],
      [
        "1291580",
        10
      ],
      [
        "1292040",
        10
      ],
      [
        "1295079",
        10
      ],
      [
        "1298369",
        10
      ],
      [
        "1302188",
        10
      ],
      [
        "1302635",
        10
      ],
      [
        "1302675",
        10
      ],
      [
        "1303466",
        10
      ],
      [
        "1303663",
        10
      ],
      [
        "1305835",
        10
      ],
      [
        "1306986",
        10
      ],
      [
        "1307748",
        10
      ],
      [
        "1309982",
        10
      ],
      [
        "1310303",
        10
      ],
      [
        "1312821",
        10
      ],
      [
        "1313572",
        10
      ],
      [
        "1314047",
        10
      ],
      [
        "1314317",
        10
      ],
      [
        "1314581",
        10
      ],
      [
        "1315806",
        10
      ],
      [
        "1321522",
        10
      ],
      [
        "1322912",
        10
      ],
      [
        "1331660",
        10
      ],
      [
        "1334448",
        10
      ],
      [
        "1334647",
        10
      ],
      [
        "1336244",
        10
      ],
      [
        "1336662",
        10
      ],
      [
        "1336942",
        10
      ],
      [
        "1338288",
        10
      ],
      [
        "1339371",
        10
      ],
      [
        "1339702",
        10
      ],
      [
        "1339730",
        10
      ],
      [
        "1339909",
        10
      ],
      [
        "1341823",
        10
      ],
      [
        "1342810",
        10
      ],
      [
        "1344598",
        10
      ],
      [
        "1345441",
        10
      ],
      [
        "1346149",
        10
      ],
      [
        "1347766",
        10
      ],
      [
        "1366175",
        10
      ],
      [
        "1366280",
        10
      ],
      [
        "1370906",
        10
      ],
      [
        "1377086",
        10
      ],
      [
        "1390343",
        10
      ],
      [
        "1400026",
        10
      ],
      [
        "1432026",
        10
      ],
      [
        "1432078",
        10
      ],
      [
        "1449115",
        10
      ],
      [
        "1457019",
        10
      ],
      [
        "1501131",
        10
      ],
      [
        "1519038",
        10
      ],
      [
        "1640083",
        10
      ],
      [
        "1643292",
        10
      ],
      [
        "1645092",
        10
      ],
      [
        "1646094",
        10
      ],
      [
        "1673097",
        10
      ],
      [
        "1699061",
        10
      ],
      [
        "1701055",
        10
      ],
      [
        "1718059",
        10
      ],
      [
        "1774102",
        10
      ],
      [
        "1811128",
        10
      ],
      [
        "1814082",
        10
      ],
      [
        "1837071",
        10
      ],
      [
        "1847317",
        10
      ],
      [
        "1862207",
        10
      ],
      [
        "1876602",
        10
      ],
      [
        "1879313",
        10
      ],
      [
        "1889253",
        10
      ],
      [
        "1899053",
        10
      ],
      [
        "1900056",
        10
      ],
      [
        "1933258",
        10
      ],
      [
        "1934353",
        10
      ],
      [
        "1936353",
        10
      ],
      [
        "1950024",
        10
      ],
      [
        "2001ay",
        63
      ],
      [
        "2002bf",
        63
      ],
      [
        "2006en",
        64
      ],
      [
        "2006ev",
        64
      ],
      [
        "ASASSN-15mg",
        150
      ],
      [
        "PS16cqa",
        150
      ],
      [
        "PSNJ2352371",
        150
      ],
      [
        "iPTF17dz",
        150
      ]
    ],
    "Dovekie_only": [
      [
        "1246334",
        10
      ],
      [
        "1249342",
        10
      ],
      [
        "1249805",
        10
      ],
      [
        "1251381",
        10
      ],
      [
        "1251409",
        10
      ],
      [
        "1252822",
        10
      ],
      [
        "1253761",
        10
      ],
      [
        "1255426",
        10
      ],
      [
        "1255501",
        10
      ],
      [
        "1255798",
        10
      ],
      [
        "1257256",
        10
      ],
      [
        "1257587",
        10
      ],
      [
        "1257973",
        10
      ],
      [
        "1258400",
        10
      ],
      [
        "1259241",
        10
      ],
      [
        "1259589",
        10
      ],
      [
        "1262201",
        10
      ],
      [
        "1262231",
        10
      ],
      [
        "1262782",
        10
      ],
      [
        "1263291",
        10
      ],
      [
        "1263579",
        10
      ],
      [
        "1264083",
        10
      ],
      [
        "1265578",
        10
      ],
      [
        "1265644",
        10
      ],
      [
        "1276528",
        10
      ],
      [
        "1278820",
        10
      ],
      [
        "1280039",
        10
      ],
      [
        "1280113",
        10
      ],
      [
        "1289346",
        10
      ],
      [
        "1290127",
        10
      ],
      [
        "1290812",
        10
      ],
      [
        "1291222",
        10
      ],
      [
        "1291842",
        10
      ],
      [
        "1292316",
        10
      ],
      [
        "1292800",
        10
      ],
      [
        "1292805",
        10
      ],
      [
        "1294014",
        10
      ],
      [
        "1294436",
        10
      ],
      [
        "1295062",
        10
      ],
      [
        "1295417",
        10
      ],
      [
        "1295844",
        10
      ],
      [
        "1296781",
        10
      ],
      [
        "1301922",
        10
      ],
      [
        "1303279",
        10
      ],
      [
        "1304145",
        10
      ],
      [
        "1305387",
        10
      ],
      [
        "1307073",
        10
      ],
      [
        "1307953",
        10
      ],
      [
        "1310178",
        10
      ],
      [
        "1314289",
        10
      ],
      [
        "1314369",
        10
      ],
      [
        "1318737",
        10
      ],
      [
        "1319614",
        10
      ],
      [
        "1320066",
        10
      ],
      [
        "1323988",
        10
      ],
      [
        "1324938",
        10
      ],
      [
        "1326216",
        10
      ],
      [
        "1329198",
        10
      ],
      [
        "1329663",
        10
      ],
      [
        "1330599",
        10
      ],
      [
        "1330970",
        10
      ],
      [
        "1332594",
        10
      ],
      [
        "1340728",
        10
      ],
      [
        "1346612",
        10
      ],
      [
        "1390345",
        10
      ],
      [
        "1392329",
        10
      ],
      [
        "1431118",
        10
      ],
      [
        "1446080",
        10
      ],
      [
        "1452065",
        10
      ],
      [
        "1498017",
        10
      ],
      [
        "1530193",
        10
      ],
      [
        "1546021",
        10
      ],
      [
        "1656029",
        10
      ],
      [
        "1658072",
        10
      ],
      [
        "1659022",
        10
      ],
      [
        "1697027",
        10
      ],
      [
        "1770639",
        10
      ],
      [
        "1776135",
        10
      ],
      [
        "1777216",
        10
      ],
      [
        "1778026",
        10
      ],
      [
        "1812092",
        10
      ],
      [
        "1848053",
        10
      ],
      [
        "1861124",
        10
      ],
      [
        "1864053",
        10
      ],
      [
        "1871023",
        10
      ],
      [
        "1876731",
        10
      ],
      [
        "1909346",
        10
      ],
      [
        "1920457",
        10
      ],
      [
        "1935095",
        10
      ],
      [
        "1935471",
        10
      ],
      [
        "1952075",
        10
      ],
      [
        "2002hd",
        63
      ],
      [
        "2003cq",
        63
      ],
      [
        "2003kc",
        63
      ],
      [
        "2006bu",
        64
      ],
      [
        "2006is",
        64
      ],
      [
        "2007kh",
        65
      ],
      [
        "2007su",
        65
      ],
      [
        "2008Y",
        65
      ],
      [
        "ASASSN-15la",
        150
      ],
      [
        "PS15bbn",
        150
      ],
      [
        "PTSS-16efw",
        150
      ]
    ],
    "matched_max_delta_zHD": 0.0,
    "matched_max_delta_zHEL": 0.0,
    "Pantheon_overlap": {
      "original": {
        "literal_unique_CID": 335,
        "literal_CID_survey": 332,
        "by_DES_survey": {
          "10": 145,
          "150": 118,
          "64": 30,
          "65": 18,
          "63": 14,
          "5": 7,
          "66": 3
        }
      },
      "Dovekie": {
        "literal_unique_CID": 339,
        "literal_CID_survey": 337,
        "by_DES_survey": {
          "10": 148,
          "150": 117,
          "64": 28,
          "65": 21,
          "63": 15,
          "5": 7,
          "66": 3
        }
      }
    }
  },
  "fits": [
    {
      "label": "native_original_total",
      "n": 1829,
      "Omega_m": 0.3519535514189399,
      "profile_delta_chi2_1_low": 0.3353049266197851,
      "profile_delta_chi2_1_high": 0.3690033170541065,
      "chi2_profile": 1640.083100113693,
      "chi2_with_M_marginalization_term": 1649.2348290830955,
      "dof": 1827,
      "offset_mag": 0.021379323475126735,
      "quad_check_max_mag": 0.0,
      "assumptions": "Flat LCDM; free common magnitude intercept; no Cepheid/CMB/BAO input; published fixed distance covariance."
    },
    {
      "label": "native_Dovekie_total",
      "n": 1820,
      "Omega_m": 0.33031680319757306,
      "profile_delta_chi2_1_low": 0.31522920152943246,
      "profile_delta_chi2_1_high": 0.34575651080806347,
      "chi2_profile": 1631.420535571238,
      "chi2_with_M_marginalization_term": 1640.2732010043837,
      "dof": 1818,
      "offset_mag": 0.0074491333356389985,
      "quad_check_max_mag": 0.0,
      "assumptions": "Flat LCDM; free common magnitude intercept; no Cepheid/CMB/BAO input; published fixed distance covariance."
    },
    {
      "label": "native_original_stat",
      "n": 1829,
      "Omega_m": 0.36286984328383626,
      "profile_delta_chi2_1_low": 0.3515099181849925,
      "profile_delta_chi2_1_high": 0.374412061928305,
      "chi2_profile": 1688.188440419914,
      "chi2_with_M_marginalization_term": 1697.6199481811013,
      "dof": 1827,
      "offset_mag": 0.02843059664158329,
      "quad_check_max_mag": 0.0,
      "assumptions": "Flat LCDM; free common magnitude intercept; no Cepheid/CMB/BAO input; published fixed distance covariance."
    },
    {
      "label": "native_Dovekie_stat",
      "n": 1820,
      "Omega_m": 0.3487222349328765,
      "profile_delta_chi2_1_low": 0.3377000242680964,
      "profile_delta_chi2_1_high": 0.3599200864038712,
      "chi2_profile": 1689.1845081911752,
      "chi2_with_M_marginalization_term": 1698.6297499151576,
      "dof": 1818,
      "offset_mag": 0.020268000243306338,
      "quad_check_max_mag": 7.105427357601002e-15,
      "assumptions": "Flat LCDM; free common magnitude intercept; no Cepheid/CMB/BAO input; published fixed distance covariance."
    },
    {
      "label": "matched_original_distances_original_covariance",
      "n": 1718,
      "Omega_m": 0.3527828057398392,
      "profile_delta_chi2_1_low": 0.3357607719368772,
      "profile_delta_chi2_1_high": 0.37022129364067646,
      "chi2_profile": 1514.7308556020582,
      "chi2_with_M_marginalization_term": 1523.8459147054778,
      "dof": 1716,
      "offset_mag": 0.020038676103345747,
      "quad_check_max_mag": 0.0,
      "assumptions": "Flat LCDM; free common magnitude intercept; no Cepheid/CMB/BAO input; published fixed distance covariance."
    },
    {
      "label": "matched_original_distances_Dovekie_covariance",
      "n": 1718,
      "Omega_m": 0.3670218680439832,
      "profile_delta_chi2_1_low": 0.3507840983259366,
      "profile_delta_chi2_1_high": 0.38364300412277835,
      "chi2_profile": 1511.6319728011651,
      "chi2_with_M_marginalization_term": 1520.4577901348057,
      "dof": 1716,
      "offset_mag": 0.027544745826596665,
      "quad_check_max_mag": 0.0,
      "assumptions": "Flat LCDM; free common magnitude intercept; no Cepheid/CMB/BAO input; published fixed distance covariance."
    },
    {
      "label": "matched_Dovekie_distances_original_covariance",
      "n": 1718,
      "Omega_m": 0.338186878245603,
      "profile_delta_chi2_1_low": 0.3214734581475307,
      "profile_delta_chi2_1_high": 0.3553114055764857,
      "chi2_profile": 1527.7077563211517,
      "chi2_with_M_marginalization_term": 1536.8228154245712,
      "dof": 1716,
      "offset_mag": 0.016027276333837676,
      "quad_check_max_mag": 0.0,
      "assumptions": "Flat LCDM; free common magnitude intercept; no Cepheid/CMB/BAO input; published fixed distance covariance."
    },
    {
      "label": "matched_Dovekie_distances_Dovekie_covariance",
      "n": 1718,
      "Omega_m": 0.33518616348205527,
      "profile_delta_chi2_1_low": 0.319659196166054,
      "profile_delta_chi2_1_high": 0.35108215025422135,
      "chi2_profile": 1513.5213754168267,
      "chi2_with_M_marginalization_term": 1522.3471927504672,
      "dof": 1716,
      "offset_mag": 0.010812960430886113,
      "quad_check_max_mag": 0.0,
      "assumptions": "Flat LCDM; free common magnitude intercept; no Cepheid/CMB/BAO input; published fixed distance covariance."
    }
  ],
  "closure": {
    "original": {
      "inferred_neg_M0_alpha_beta_gamma": [
        29.958199924492224,
        0.16087258091187365,
        3.117725159177645,
        0.03754623970833848
      ],
      "rms_mag": 0.0008181609406268595,
      "max_abs_mag": 0.01708814890650956,
      "host_step_width_logmass": 0.001,
      "away_from_rounded_mass_boundary": {
        "n": 1794,
        "coefficients": [
          29.958212925801874,
          0.16087625872820074,
          3.117789353228401,
          0.03754086954054031
        ],
        "rms_mag": 0.00010072433411525481,
        "max_abs_mag": 0.0002723236913091398
      },
      "objects_with_abs_closure_over_1_mmag": [
        {
          "CID": "1309215",
          "mass": 10.0,
          "error_mag": -0.014397402596369346
        },
        {
          "CID": "1310963",
          "mass": 10.0,
          "error_mag": -0.0170530087499543
        },
        {
          "CID": "1339371",
          "mass": 10.0,
          "error_mag": -0.017092369715967948
        },
        {
          "CID": "1370402",
          "mass": 10.0,
          "error_mag": 0.014387133026737331
        },
        {
          "CID": "1389210",
          "mass": 10.0,
          "error_mag": 0.014452461208989575
        }
      ]
    },
    "Dovekie": {
      "inferred_neg_M0_alpha_beta_gamma": [
        29.962097344512923,
        0.16864390802829404,
        3.1440437634879235,
        0.03315152016285643
      ],
      "rms_mag": 2.9222648200335867e-05,
      "max_abs_mag": 5.489218500187576e-05,
      "host_step_width_logmass": 0.001,
      "away_from_rounded_mass_boundary": {
        "n": 1793,
        "coefficients": [
          29.96209746665675,
          0.1686438391882628,
          3.14404376586736,
          0.033151480057999894
        ],
        "rms_mag": 2.925114555582041e-05,
        "max_abs_mag": 5.477657740726727e-05
      },
      "objects_with_abs_closure_over_1_mmag": []
    }
  }
}
