    cosmology csfh        dtd  delta_mean_delay_gyr  delta_median_delay_gyr
     lcdm_H70  B13 C14_smooth              4.473542                5.290367
     lcdm_H70  B13     cut300              4.473339                5.290405
     lcdm_H70  B13  W26_cut40              3.333370                2.420795
     lcdm_H70 MD14 C14_smooth              4.130951                4.587558
     lcdm_H70 MD14     cut300              4.130705                4.587514
     lcdm_H70 MD14  W26_cut40              3.030902                1.887289
  son_cpl_H70  B13 C14_smooth              4.182306                4.965630
  son_cpl_H70  B13     cut300              4.182105                4.965684
  son_cpl_H70  B13  W26_cut40              3.131231                2.362128
  son_cpl_H70 MD14 C14_smooth              3.865034                4.325140
  son_cpl_H70 MD14     cut300              3.864788                4.325113
  son_cpl_H70 MD14  W26_cut40              2.848318                1.838980
son_cpl_H63p6  B13 C14_smooth              4.581535                5.440027
son_cpl_H63p6  B13     cut300              4.581343                5.440074
son_cpl_H63p6  B13  W26_cut40              3.409008                2.475836
son_cpl_H63p6 MD14 C14_smooth              4.232385                4.725895
son_cpl_H63p6 MD14     cut300              4.232149                4.725863
son_cpl_H63p6 MD14  W26_cut40              3.099878                1.923716
{
  "lcdm_H70_astropy_age_max_abs_gyr": 5.609840592057935e-08,
  "son_cpl_H70_astropy_age_max_abs_gyr": 9.042372361989237e-08,
  "son_cpl_H63p6_astropy_age_max_abs_gyr": 9.952296764481616e-08,
  "double_resolution_max_abs_mean_delay_gyr": 2.9138133683659362e-08,
  "double_resolution_max_abs_median_delay_gyr": 9.640187377257803e-07,
  "double_resolution_max_abs_formed_mass_mean_gyr": 4.250223817336973e-08,
  "lcdm_analytic_age0_gyr": 13.466983947061877,
  "d_log_delta_mean_delay_gyr_d_log_H0_at70_z1": -0.9516723245146792,
  "d_log_delta_median_delay_gyr_d_log_H0_at70_z1": -0.9539656064065185
}
