{
  "source": "phase2/official/results/snana_mock0001.FITRES.TEXT",
  "sha256": "242c69657262312eba69d67866eb05c5d1782e87d8ebb47f8c90f9da075c4a3c",
  "total_fitter_accepted": 1936,
  "quality_subset": 1384,
  "quality_cut": "|x1|<3, |c|<0.3, x1ERR<1, PKMJDERR<2, FITPROB>0.001, zHD>0.025; not full BBC membership",
  "proxy_definitions": {
    "delta_c_proxy": "fitted_c - SIM_c - SIM_AV/SIM_RV",
    "delta_mB_proxy": "fitted_mB - SIM_mB - (SIM_RV+1)*SIM_AV/SIM_RV",
    "delta_mB_proxy_offset_accounted": "fitted_mB - SIM_mB - (SIM_RV+1)*SIM_AV/SIM_RV +0.12 (known job GENMAG_OFF_GLOBAL=-0.12)",
    "delta_x1": "fitted_x1-SIM_x1"
  },
  "all_fit": {
    "delta_c_proxy": {
      "n": 1936,
      "mean": -0.006965927349942884,
      "std": 0.1206764931826422,
      "quantiles": {
        "p01": -0.32701004719941834,
        "p05": -0.20556706503539227,
        "p16": -0.10165533916197288,
        "p50": -0.009833279663176271,
        "p84": 0.0840443895695182,
        "p95": 0.1970595834791471,
        "p99": 0.35807822847434606
      }
    },
    "delta_mB_proxy": {
      "n": 1936,
      "mean": -0.11884447265528846,
      "std": 0.15840876708718857,
      "quantiles": {
        "p01": -0.35454748602179936,
        "p05": -0.2630094936751467,
        "p16": -0.1944650735225205,
        "p50": -0.12851856690608143,
        "p84": -0.0652926641976527,
        "p95": 0.010352775349574371,
        "p99": 0.16977961078839898
      }
    },
    "delta_mB_proxy_offset_accounted": {
      "n": 1936,
      "mean": 0.0011555273447115429,
      "std": 0.15840876708718857,
      "quantiles": {
        "p01": -0.2345474860217994,
        "p05": -0.14300949367514668,
        "p16": -0.0744650735225205,
        "p50": -0.008518566906081451,
        "p84": 0.05470733580234729,
        "p95": 0.13035277534957437,
        "p99": 0.289779610788399
      }
    },
    "delta_x1": {
      "n": 1936,
      "mean": 0.05500835278989075,
      "std": 0.9393634838746632,
      "quantiles": {
        "p01": -2.3607897229492663,
        "p05": -1.3946588300168514,
        "p16": -0.7066229909658431,
        "p50": 0.010844156146049513,
        "p84": 0.7938799202442167,
        "p95": 1.6559742763638496,
        "p99": 2.9669792093336613
      }
    }
  },
  "quality": {
    "delta_c_proxy": {
      "n": 1384,
      "mean": -0.012985736546626412,
      "std": 0.08878790785512004,
      "quantiles": {
        "p01": -0.268224153420089,
        "p05": -0.15601771083657434,
        "p16": -0.08638376001979736,
        "p50": -0.01174506608790891,
        "p84": 0.05769600519497891,
        "p95": 0.13157408048635263,
        "p99": 0.22344543353690843
      }
    },
    "delta_mB_proxy": {
      "n": 1384,
      "mean": -0.13350401361343345,
      "std": 0.0637312064340231,
      "quantiles": {
        "p01": -0.3038629840487216,
        "p05": -0.24387846964621973,
        "p16": -0.18609753086895633,
        "p50": -0.13087353279036,
        "p84": -0.08227590864216891,
        "p95": -0.03154611769622209,
        "p99": 0.03179266264152559
      }
    },
    "delta_mB_proxy_offset_accounted": {
      "n": 1384,
      "mean": -0.013504013613433466,
      "std": 0.0637312064340231,
      "quantiles": {
        "p01": -0.18386298404872162,
        "p05": -0.12387846964621972,
        "p16": -0.06609753086895633,
        "p50": -0.010873532790359991,
        "p84": 0.037724091357831085,
        "p95": 0.0884538823037779,
        "p99": 0.15179266264152558
      }
    },
    "delta_x1": {
      "n": 1384,
      "mean": -0.021819912164920883,
      "std": 0.6438339937587311,
      "quantiles": {
        "p01": -1.849643020629883,
        "p05": -1.0948611214756965,
        "p16": -0.5663584566116333,
        "p50": -0.0103307515382767,
        "p84": 0.4792243047058583,
        "p95": 1.055984088778495,
        "p99": 1.6772532173991208
      }
    }
  },
  "quality_low_noise": {
    "delta_c_proxy": {
      "n": 282,
      "mean": -0.010490156382046574,
      "std": 0.0301049005531165,
      "quantiles": {
        "p01": -0.08040206404502284,
        "p05": -0.05627042524551834,
        "p16": -0.03970246214486044,
        "p50": -0.0114276225929884,
        "p84": 0.017941306201398666,
        "p95": 0.03611200680188132,
        "p99": 0.058265769970472614
      }
    },
    "delta_mB_proxy": {
      "n": 282,
      "mean": -0.12924611307769135,
      "std": 0.027603529540758075,
      "quantiles": {
        "p01": -0.19714685527707623,
        "p05": -0.17280753088075765,
        "p16": -0.15662283327884657,
        "p50": -0.12901693033710981,
        "p84": -0.10529220919440382,
        "p95": -0.08084229927572116,
        "p99": -0.06235939153962755
      }
    },
    "delta_mB_proxy_offset_accounted": {
      "n": 282,
      "mean": -0.009246113077691354,
      "std": 0.027603529540758075,
      "quantiles": {
        "p01": -0.07714685527707622,
        "p05": -0.052807530880757646,
        "p16": -0.03662283327884657,
        "p50": -0.009016930337109805,
        "p84": 0.014707790805596166,
        "p95": 0.039157700724278835,
        "p99": 0.057640608460372444
      }
    },
    "delta_x1": {
      "n": 282,
      "mean": -0.004822148823390664,
      "std": 0.23493661010950612,
      "quantiles": {
        "p01": -0.6923044241219758,
        "p05": -0.38420322537422186,
        "p16": -0.20338340467773372,
        "p50": 0.011805973947048201,
        "p84": 0.20595462441444395,
        "p95": 0.34573665261268655,
        "p99": 0.5167828215658663
      }
    }
  },
  "limits": [
    "Physical dust proxy is deliberately an unvalidated approximation, not fitted latent truth.",
    "The raw magnitude proxy omits the known -0.12 job luminosity offset; offset-accounted values are reported separately.",
    "Differences include fitting noise, selection, spectral model projection, lensing/peculiar/redshift effects and possibly code-version difference.",
    "This is not proof of biased data, cosmological evolution, or an isolated dust projection bias.",
    "Calibration of noiseless effective SALT summaries needs deterministic high-SNR forward light curves or a conditional response model, not substituting these proxies as truth."
  ]
}
