1256819 completed 12 heldout fits
1280240 completed 24 heldout fits
1289306 completed 36 heldout fits
1311247 completed 48 heldout fits
1318689 completed 60 heldout fits
1330817 completed 75 heldout fits
1339609 completed 78 heldout fits
1442085 completed 90 heldout fits
1480038 completed 105 heldout fits
1652139 completed 117 heldout fits
1896213 completed 129 heldout fits
1923060 completed 141 heldout fits
{
  "sncosmo": {
    "max_abs_delta_mB_x1_c_t0": [
      0.0009869853276642025,
      0.02545578129420778,
      0.0005016853964375295,
      0.08558158859009408
    ],
    "max_abs_delta_in_SNANA_hessian_sigma": [
      0.01107415374044566,
      0.029725228384699924,
      0.005234245787490883,
      0.11576594661321267
    ],
    "hessian_sigma_ratio_range": [
      [
        0.9853346579555017,
        0.9835817065390406,
        0.9776762897013841,
        0.9558297796731772
      ],
      [
        1.021111813786848,
        1.0401856252295263,
        1.040655369126786,
        4.5546670021272515
      ]
    ],
    "failures": 0,
    "max_two_start_chi2_gap": 5.560707450058544e-11,
    "max_hessian_stepsize_difference": 3.5027293229374484e-06
  },
  "scipy": {
    "max_abs_delta_mB_x1_c_t0": [
      0.0011110459948086235,
      0.028560851322412484,
      0.0005504766698659408,
      0.09517369893651795
    ],
    "max_abs_delta_in_SNANA_hessian_sigma": [
      0.0124661368455552,
      0.0333510811790855,
      0.006083792841378404,
      0.12874116421043172
    ],
    "hessian_sigma_ratio_range": [
      [
        0.9875526307352488,
        0.9791981011700386,
        0.9775032233401754,
        0.9480354936170444
      ],
      [
        1.0213205843801754,
        1.0409429034324047,
        1.0407135718732137,
        4.551579965692858
      ]
    ],
    "failures": 0,
    "max_two_start_chi2_gap": 5.418598902906524e-11,
    "max_hessian_stepsize_difference": 7.233420902161171e-08
  }
}
{
  "epoch": {
    "paired_valid_folds": 12,
    "total_folds": 12,
    "f99": {
      "sum_delta_logpdf": 0.31190645553998486,
      "n_objects": 12,
      "object_cluster_standard_error_sum": 0.6315950894773181,
      "positive_objects": 5,
      "worst_object": "1330817",
      "worst_delta": -0.1334599395008098,
      "best_object": "1896213",
      "best_delta": 0.5910123647619656
    },
    "phase_colour": {
      "sum_delta_logpdf": -1.3044685625490349,
      "n_objects": 12,
      "object_cluster_standard_error_sum": 0.6888574650581021,
      "positive_objects": 4,
      "worst_object": "1280240",
      "worst_delta": -0.4506111152678969,
      "best_object": "1480038",
      "best_delta": 0.12154517088401917
    }
  },
  "band": {
    "paired_valid_folds": 35,
    "total_folds": 35,
    "f99": {
      "sum_delta_logpdf": 2.103570439066498,
      "n_objects": 11,
      "object_cluster_standard_error_sum": 2.9947517098355987,
      "positive_objects": 5,
      "worst_object": "1330817",
      "worst_delta": -0.8263959770437381,
      "best_object": "1896213",
      "best_delta": 2.789104637866153
    },
    "phase_colour": {
      "sum_delta_logpdf": -0.7846264411522377,
      "n_objects": 11,
      "object_cluster_standard_error_sum": 3.989270456213186,
      "positive_objects": 2,
      "worst_object": "1280240",
      "worst_delta": -1.2514403824766944,
      "best_object": "1480038",
      "best_delta": 3.32796899868557
    }
  }
}
